Archive member included to satisfy reference by file (symbol)

/Applications/STM32CubeIDE.app/Contents/Eclipse/plugins/com.st.stm32cube.ide.mcu.externaltools.gnu-tools-for-stm32.11.3.rel1.macos64_1.1.100.202310310803/tools/bin/../lib/gcc/arm-none-eabi/11.3.1/../../../../arm-none-eabi/lib/thumb/v8-m.main+fp/hard/libc_nano.a(libc_a-exit.o)
                              /Applications/STM32CubeIDE.app/Contents/Eclipse/plugins/com.st.stm32cube.ide.mcu.externaltools.gnu-tools-for-stm32.11.3.rel1.macos64_1.1.100.202310310803/tools/bin/../lib/gcc/arm-none-eabi/11.3.1/../../../../arm-none-eabi/lib/thumb/v8-m.main+fp/hard/crt0.o (exit)
/Applications/STM32CubeIDE.app/Contents/Eclipse/plugins/com.st.stm32cube.ide.mcu.externaltools.gnu-tools-for-stm32.11.3.rel1.macos64_1.1.100.202310310803/tools/bin/../lib/gcc/arm-none-eabi/11.3.1/../../../../arm-none-eabi/lib/thumb/v8-m.main+fp/hard/libc_nano.a(libc_a-findfp.o)
                              /Applications/STM32CubeIDE.app/Contents/Eclipse/plugins/com.st.stm32cube.ide.mcu.externaltools.gnu-tools-for-stm32.11.3.rel1.macos64_1.1.100.202310310803/tools/bin/../lib/gcc/arm-none-eabi/11.3.1/../../../../arm-none-eabi/lib/thumb/v8-m.main+fp/hard/libc_nano.a(libc_a-exit.o) (__stdio_exit_handler)
/Applications/STM32CubeIDE.app/Contents/Eclipse/plugins/com.st.stm32cube.ide.mcu.externaltools.gnu-tools-for-stm32.11.3.rel1.macos64_1.1.100.202310310803/tools/bin/../lib/gcc/arm-none-eabi/11.3.1/../../../../arm-none-eabi/lib/thumb/v8-m.main+fp/hard/libc_nano.a(libc_a-fwalk.o)
                              /Applications/STM32CubeIDE.app/Contents/Eclipse/plugins/com.st.stm32cube.ide.mcu.externaltools.gnu-tools-for-stm32.11.3.rel1.macos64_1.1.100.202310310803/tools/bin/../lib/gcc/arm-none-eabi/11.3.1/../../../../arm-none-eabi/lib/thumb/v8-m.main+fp/hard/libc_nano.a(libc_a-findfp.o) (_fwalk_sglue)
/Applications/STM32CubeIDE.app/Contents/Eclipse/plugins/com.st.stm32cube.ide.mcu.externaltools.gnu-tools-for-stm32.11.3.rel1.macos64_1.1.100.202310310803/tools/bin/../lib/gcc/arm-none-eabi/11.3.1/../../../../arm-none-eabi/lib/thumb/v8-m.main+fp/hard/libc_nano.a(libc_a-memset.o)
                              /Applications/STM32CubeIDE.app/Contents/Eclipse/plugins/com.st.stm32cube.ide.mcu.externaltools.gnu-tools-for-stm32.11.3.rel1.macos64_1.1.100.202310310803/tools/bin/../lib/gcc/arm-none-eabi/11.3.1/../../../../arm-none-eabi/lib/thumb/v8-m.main+fp/hard/crt0.o (memset)
/Applications/STM32CubeIDE.app/Contents/Eclipse/plugins/com.st.stm32cube.ide.mcu.externaltools.gnu-tools-for-stm32.11.3.rel1.macos64_1.1.100.202310310803/tools/bin/../lib/gcc/arm-none-eabi/11.3.1/../../../../arm-none-eabi/lib/thumb/v8-m.main+fp/hard/libc_nano.a(libc_a-impure.o)
                              /Applications/STM32CubeIDE.app/Contents/Eclipse/plugins/com.st.stm32cube.ide.mcu.externaltools.gnu-tools-for-stm32.11.3.rel1.macos64_1.1.100.202310310803/tools/bin/../lib/gcc/arm-none-eabi/11.3.1/../../../../arm-none-eabi/lib/thumb/v8-m.main+fp/hard/libc_nano.a(libc_a-findfp.o) (_impure_data)
/Applications/STM32CubeIDE.app/Contents/Eclipse/plugins/com.st.stm32cube.ide.mcu.externaltools.gnu-tools-for-stm32.11.3.rel1.macos64_1.1.100.202310310803/tools/bin/../lib/gcc/arm-none-eabi/11.3.1/../../../../arm-none-eabi/lib/thumb/v8-m.main+fp/hard/libc_nano.a(libc_a-errno.o)
                              ./Core/Src/syscalls.o (__errno)
/Applications/STM32CubeIDE.app/Contents/Eclipse/plugins/com.st.stm32cube.ide.mcu.externaltools.gnu-tools-for-stm32.11.3.rel1.macos64_1.1.100.202310310803/tools/bin/../lib/gcc/arm-none-eabi/11.3.1/../../../../arm-none-eabi/lib/thumb/v8-m.main+fp/hard/libc_nano.a(libc_a-init.o)
                              /Applications/STM32CubeIDE.app/Contents/Eclipse/plugins/com.st.stm32cube.ide.mcu.externaltools.gnu-tools-for-stm32.11.3.rel1.macos64_1.1.100.202310310803/tools/bin/../lib/gcc/arm-none-eabi/11.3.1/../../../../arm-none-eabi/lib/thumb/v8-m.main+fp/hard/crt0.o (__libc_init_array)
/Applications/STM32CubeIDE.app/Contents/Eclipse/plugins/com.st.stm32cube.ide.mcu.externaltools.gnu-tools-for-stm32.11.3.rel1.macos64_1.1.100.202310310803/tools/bin/../lib/gcc/arm-none-eabi/11.3.1/../../../../arm-none-eabi/lib/thumb/v8-m.main+fp/hard/libc_nano.a(libc_a-lock.o)
                              /Applications/STM32CubeIDE.app/Contents/Eclipse/plugins/com.st.stm32cube.ide.mcu.externaltools.gnu-tools-for-stm32.11.3.rel1.macos64_1.1.100.202310310803/tools/bin/../lib/gcc/arm-none-eabi/11.3.1/../../../../arm-none-eabi/lib/thumb/v8-m.main+fp/hard/libc_nano.a(libc_a-findfp.o) (__retarget_lock_init_recursive)
/Applications/STM32CubeIDE.app/Contents/Eclipse/plugins/com.st.stm32cube.ide.mcu.externaltools.gnu-tools-for-stm32.11.3.rel1.macos64_1.1.100.202310310803/tools/bin/../lib/gcc/arm-none-eabi/11.3.1/../../../../arm-none-eabi/lib/thumb/v8-m.main+fp/hard/libc_nano.a(libc_a-mallocr.o)
[...]
Memory Configuration

Name             Origin             Length             Attributes
RAM              0x0000000020000000 0x0000000000030000 xrw
RAM2             0x0000000020030000 0x0000000000010000 xrw
FLASH            0x0000000008000000 0x0000000000080000 xr
*default*        0x0000000000000000 0xffffffffffffffff

Linker script and memory map

LOAD /Applications/STM32CubeIDE.app/Contents/Eclipse/plugins/com.st.stm32cube.ide.mcu.externaltools.gnu-tools-for-stm32.11.3.rel1.macos64_1.1.100.202310310803/tools/bin/../lib/gcc/arm-none-eabi/11.3.1/thumb/v8-m.main+fp/hard/crti.o
LOAD /Applications/STM32CubeIDE.app/Contents/Eclipse/plugins/com.st.stm32cube.ide.mcu.externaltools.gnu-tools-for-stm32.11.3.rel1.macos64_1.1.100.202310310803/tools/bin/../lib/gcc/arm-none-eabi/11.3.1/thumb/v8-m.main+fp/hard/crtbegin.o
LOAD /Applications/STM32CubeIDE.app/Contents/Eclipse/plugins/com.st.stm32cube.ide.mcu.externaltools.gnu-tools-for-stm32.11.3.rel1.macos64_1.1.100.202310310803/tools/bin/../lib/gcc/arm-none-eabi/11.3.1/../../../../arm-none-eabi/lib/thumb/v8-m.main+fp/hard/crt0.o
LOAD ./Core/Src/main.o
LOAD ./Core/Src/stm32l5xx_hal_msp.o
LOAD ./Core/Src/stm32l5xx_it.o
LOAD ./Core/Src/syscalls.o
LOAD ./Core/Src/sysmem.o
LOAD ./Core/Src/system_stm32l5xx.o
LOAD ./Core/Startup/startup_stm32l552zetxq.o
LOAD ./Drivers/STM32L5xx_HAL_Driver/Src/stm32l5xx_hal.o
LOAD ./Drivers/STM32L5xx_HAL_Driver/Src/stm32l5xx_hal_adc.o
LOAD ./Drivers/STM32L5xx_HAL_Driver/Src/stm32l5xx_hal_adc_ex.o
LOAD ./Drivers/STM32L5xx_HAL_Driver/Src/stm32l5xx_hal_cortex.o
LOAD ./Drivers/STM32L5xx_HAL_Driver/Src/stm32l5xx_hal_dma.o
LOAD ./Drivers/STM32L5xx_HAL_Driver/Src/stm32l5xx_hal_dma_ex.o
LOAD ./Drivers/STM32L5xx_HAL_Driver/Src/stm32l5xx_hal_exti.o
LOAD ./Drivers/STM32L5xx_HAL_Driver/Src/stm32l5xx_hal_flash.o
LOAD ./Drivers/STM32L5xx_HAL_Driver/Src/stm32l5xx_hal_flash_ex.o
LOAD ./Drivers/STM32L5xx_HAL_Driver/Src/stm32l5xx_hal_flash_ramfunc.o
LOAD ./Drivers/STM32L5xx_HAL_Driver/Src/stm32l5xx_hal_gpio.o
LOAD ./Drivers/STM32L5xx_HAL_Driver/Src/stm32l5xx_hal_i2c.o
LOAD ./Drivers/STM32L5xx_HAL_Driver/Src/stm32l5xx_hal_i2c_ex.o
LOAD ./Drivers/STM32L5xx_HAL_Driver/Src/stm32l5xx_hal_icache.o
LOAD ./Drivers/STM32L5xx_HAL_Driver/Src/stm32l5xx_hal_pcd.o
LOAD ./Drivers/STM32L5xx_HAL_Driver/Src/stm32l5xx_hal_pcd_ex.o
LOAD ./Drivers/STM32L5xx_HAL_Driver/Src/stm32l5xx_hal_pwr.o
LOAD ./Drivers/STM32L5xx_HAL_Driver/Src/stm32l5xx_hal_pwr_ex.o
LOAD ./Drivers/STM32L5xx_HAL_Driver/Src/stm32l5xx_hal_rcc.o
LOAD ./Drivers/STM32L5xx_HAL_Driver/Src/stm32l5xx_hal_rcc_ex.o
LOAD ./Drivers/STM32L5xx_HAL_Driver/Src/stm32l5xx_hal_rtc.o
LOAD ./Drivers/STM32L5xx_HAL_Driver/Src/stm32l5xx_hal_rtc_ex.o
LOAD ./Drivers/STM32L5xx_HAL_Driver/Src/stm32l5xx_hal_tim.o
LOAD ./Drivers/STM32L5xx_HAL_Driver/Src/stm32l5xx_hal_tim_ex.o
LOAD ./Drivers/STM32L5xx_HAL_Driver/Src/stm32l5xx_hal_uart.o
LOAD ./Drivers/STM32L5xx_HAL_Driver/Src/stm32l5xx_hal_uart_ex.o
LOAD ./Drivers/STM32L5xx_HAL_Driver/Src/stm32l5xx_ll_dma.o
LOAD ./Drivers/STM32L5xx_HAL_Driver/Src/stm32l5xx_ll_exti.o
LOAD ./Drivers/STM32L5xx_HAL_Driver/Src/stm32l5xx_ll_gpio.o
LOAD ./Drivers/STM32L5xx_HAL_Driver/Src/stm32l5xx_ll_ucpd.o
LOAD ./Drivers/STM32L5xx_HAL_Driver/Src/stm32l5xx_ll_usb.o
LOAD ./Drivers/STM32L5xx_HAL_Driver/Src/stm32l5xx_ll_utils.o
START GROUP
LOAD /Applications/STM32CubeIDE.app/Contents/Eclipse/plugins/com.st.stm32cube.ide.mcu.externaltools.gnu-tools-for-stm32.11.3.rel1.macos64_1.1.100.202310310803/tools/bin/../lib/gcc/arm-none-eabi/11.3.1/../../../../arm-none-eabi/lib/thumb/v8-m.main+fp/hard/libc_nano.a
LOAD /Applications/STM32CubeIDE.app/Contents/Eclipse/plugins/com.st.stm32cube.ide.mcu.externaltools.gnu-tools-for-stm32.11.3.rel1.macos64_1.1.100.202310310803/tools/bin/../lib/gcc/arm-none-eabi/11.3.1/../../../../arm-none-eabi/lib/thumb/v8-m.main+fp/hard/libm.a
END GROUP
START GROUP
LOAD /Applications/STM32CubeIDE.app/Contents/Eclipse/plugins/com.st.stm32cube.ide.mcu.externaltools.gnu-tools-for-stm32.11.3.rel1.macos64_1.1.100.202310310803/tools/bin/../lib/gcc/arm-none-eabi/11.3.1/thumb/v8-m.main+fp/hard/libgcc.a
LOAD /Applications/STM32CubeIDE.app/Contents/Eclipse/plugins/com.st.stm32cube.ide.mcu.externaltools.gnu-tools-for-stm32.11.3.rel1.macos64_1.1.100.202310310803/tools/bin/../lib/gcc/arm-none-eabi/11.3.1/../../../../arm-none-eabi/lib/thumb/v8-m.main+fp/hard/libc_nano.a
END GROUP
START GROUP
LOAD /Applications/STM32CubeIDE.app/Contents/Eclipse/plugins/com.st.stm32cube.ide.mcu.externaltools.gnu-tools-for-stm32.11.3.rel1.macos64_1.1.100.202310310803/tools/bin/../lib/gcc/arm-none-eabi/11.3.1/thumb/v8-m.main+fp/hard/libgcc.a
LOAD /Applications/STM32CubeIDE.app/Contents/Eclipse/plugins/com.st.stm32cube.ide.mcu.externaltools.gnu-tools-for-stm32.11.3.rel1.macos64_1.1.100.202310310803/tools/bin/../lib/gcc/arm-none-eabi/11.3.1/../../../../arm-none-eabi/lib/thumb/v8-m.main+fp/hard/libc_nano.a
LOAD /Applications/STM32CubeIDE.app/Contents/Eclipse/plugins/com.st.stm32cube.ide.mcu.externaltools.gnu-tools-for-stm32.11.3.rel1.macos64_1.1.100.202310310803/tools/bin/../lib/gcc/arm-none-eabi/11.3.1/../../../../arm-none-eabi/lib/thumb/v8-m.main+fp/hard/libnosys.a
END GROUP
START GROUP
LOAD /Applications/STM32CubeIDE.app/Contents/Eclipse/plugins/com.st.stm32cube.ide.mcu.externaltools.gnu-tools-for-stm32.11.3.rel1.macos64_1.1.100.202310310803/tools/bin/../lib/gcc/arm-none-eabi/11.3.1/thumb/v8-m.main+fp/hard/libgcc.a
LOAD /Applications/STM32CubeIDE.app/Contents/Eclipse/plugins/com.st.stm32cube.ide.mcu.externaltools.gnu-tools-for-stm32.11.3.rel1.macos64_1.1.100.202310310803/tools/bin/../lib/gcc/arm-none-eabi/11.3.1/../../../../arm-none-eabi/lib/thumb/v8-m.main+fp/hard/libc_nano.a
LOAD /Applications/STM32CubeIDE.app/Contents/Eclipse/plugins/com.st.stm32cube.ide.mcu.externaltools.gnu-tools-for-stm32.11.3.rel1.macos64_1.1.100.202310310803/tools/bin/../lib/gcc/arm-none-eabi/11.3.1/../../../../arm-none-eabi/lib/thumb/v8-m.main+fp/hard/libnosys.a
END GROUP
LOAD /Applications/STM32CubeIDE.app/Contents/Eclipse/plugins/com.st.stm32cube.ide.mcu.externaltools.gnu-tools-for-stm32.11.3.rel1.macos64_1.1.100.202310310803/tools/bin/../lib/gcc/arm-none-eabi/11.3.1/thumb/v8-m.main+fp/hard/crtend.o
LOAD /Applications/STM32CubeIDE.app/Contents/Eclipse/plugins/com.st.stm32cube.ide.mcu.externaltools.gnu-tools-for-stm32.11.3.rel1.macos64_1.1.100.202310310803/tools/bin/../lib/gcc/arm-none-eabi/11.3.1/thumb/v8-m.main+fp/hard/crtn.o
                0x0000000020030000                _estack = (ORIGIN (RAM) + LENGTH (RAM))
                0x0000000000000200                _Min_Heap_Size = 0x200
                0x0000000000000400                _Min_Stack_Size = 0x400

.isr_vector     0x0000000008000000      0x1f4
                0x0000000008000000                . = ALIGN (0x4)
 *(.isr_vector)
 .isr_vector    0x0000000008000000      0x1f4 ./Core/Startup/startup_stm32l552zetxq.o
                0x0000000008000000                g_pfnVectors
                0x00000000080001f4                . = ALIGN (0x4)

.text           0x00000000080001f4     0x6274
                0x00000000080001f4                . = ALIGN (0x4)
 *(.text)
 .text          0x00000000080001f4       0x40 /Applications/STM32CubeIDE.app/Contents/Eclipse/plugins/com.st.stm32cube.ide.mcu.externaltools.gnu-tools-for-stm32.11.3.rel1.macos64_1.1.100.202310310803/tools/bin/../lib/gcc/arm-none-eabi/11.3.1/thumb/v8-m.main+fp/hard/crtbegin.o
 .text          0x0000000008000234       0x30 /Applications/STM32CubeIDE.app/Contents/Eclipse/plugins/com.st.stm32cube.ide.mcu.externaltools.gnu-tools-for-stm32.11.3.rel1.macos64_1.1.100.202310310803/tools/bin/../lib/gcc/arm-none-eabi/11.3.1/thumb/v8-m.main+fp/hard/libgcc.a(_aeabi_uldivmod.o)
                0x0000000008000234                __aeabi_uldivmod
 .text          0x0000000008000264      0x2ec /Applications/STM32CubeIDE.app/Contents/Eclipse/plugins/com.st.stm32cube.ide.mcu.externaltools.gnu-tools-for-stm32.11.3.rel1.macos64_1.1.100.202310310803/tools/bin/../lib/gcc/arm-none-eabi/11.3.1/thumb/v8-m.main+fp/hard/libgcc.a(_udivmoddi4.o)
                0x0000000008000264                __udivmoddi4
 .text          0x0000000008000550        0x4 /Applications/STM32CubeIDE.app/Contents/Eclipse/plugins/com.st.stm32cube.ide.mcu.externaltools.gnu-tools-for-stm32.11.3.rel1.macos64_1.1.100.202310310803/tools/bin/../lib/gcc/arm-none-eabi/11.3.1/thumb/v8-m.main+fp/hard/libgcc.a(_dvmd_tls.o)
                0x0000000008000550                __aeabi_ldiv0
                0x0000000008000550                __aeabi_idiv0
 *(.text*)
 .text.LL_AHB2_GRP1_EnableClock
                0x0000000008000554       0x30 ./Core/Src/main.o
 .text.LL_APB1_GRP2_EnableClock
                0x0000000008000584       0x30 ./Core/Src/main.o
 .text.EXTI13_IRQHandler
                0x00000000080005b4       0x74 ./Core/Src/main.o
                0x00000000080005b4                EXTI13_IRQHandler
 .text.main     0x0000000008000628       0x58 ./Core/Src/main.o
                0x0000000008000628                main
 .text.SystemClock_Config
                0x0000000008000680       0xd0 ./Core/Src/main.o
                0x0000000008000680                SystemClock_Config
 .text.MX_ADC1_Init
                0x0000000008000750       0xec ./Core/Src/main.o
 .text.MX_ICACHE_Init
                0x000000000800083c       0x26 ./Core/Src/main.o
 *fill*         0x0000000008000862        0x2 
 .text.MX_LPUART1_UART_Init
                0x0000000008000864       0x9c ./Core/Src/main.o
 .text.MX_RTC_Init
                0x0000000008000900       0x94 ./Core/Src/main.o
 .text.MX_TIM2_Init
                0x0000000008000994       0x9c ./Core/Src/main.o
 .text.MX_UCPD1_Init
                0x0000000008000a30       0x6c ./Core/Src/main.o
 .text.MX_USB_PCD_Init
                0x0000000008000a9c       0x50 ./Core/Src/main.o
 .text.MX_GPIO_Init
                0x0000000008000aec      0x168 ./Core/Src/main.o
 .text.HAL_TIM_PeriodElapsedCallback
                0x0000000008000c54      0x21c ./Core/Src/main.o
                0x0000000008000c54                HAL_TIM_PeriodElapsedCallback
 .text.Error_Handler
                0x0000000008000e70        0xa ./Core/Src/main.o
                0x0000000008000e70                Error_Handler
 *fill*         0x0000000008000e7a        0x2 
 .text.HAL_MspInit
                0x0000000008000e7c       0x48 ./Core/Src/stm32l5xx_hal_msp.o
                0x0000000008000e7c                HAL_MspInit
 .text.HAL_ADC_MspInit
                0x0000000008000ec4       0xb4 ./Core/Src/stm32l5xx_hal_msp.o
                0x0000000008000ec4                HAL_ADC_MspInit
 .text.HAL_UART_MspInit
                0x0000000008000f78       0xc0 ./Core/Src/stm32l5xx_hal_msp.o
                0x0000000008000f78                HAL_UART_MspInit
 .text.HAL_RTC_MspInit
                0x0000000008001038       0x7c ./Core/Src/stm32l5xx_hal_msp.o
                0x0000000008001038                HAL_RTC_MspInit
 .text.HAL_TIM_Base_MspInit
                0x00000000080010b4       0x48 ./Core/Src/stm32l5xx_hal_msp.o
                0x00000000080010b4                HAL_TIM_Base_MspInit
 .text.HAL_PCD_MspInit
                0x00000000080010fc       0xc0 ./Core/Src/stm32l5xx_hal_msp.o
                0x00000000080010fc                HAL_PCD_MspInit
 .text.NMI_Handler
                0x00000000080011bc        0x6 ./Core/Src/stm32l5xx_it.o
                0x00000000080011bc                NMI_Handler
 .text.HardFault_Handler
                0x00000000080011c2        0x6 ./Core/Src/stm32l5xx_it.o
                0x00000000080011c2                HardFault_Handler
 .text.MemManage_Handler
                0x00000000080011c8        0x6 ./Core/Src/stm32l5xx_it.o
                0x00000000080011c8                MemManage_Handler
 .text.BusFault_Handler
                0x00000000080011ce        0x6 ./Core/Src/stm32l5xx_it.o
                0x00000000080011ce                BusFault_Handler
 .text.UsageFault_Handler
                0x00000000080011d4        0x6 ./Core/Src/stm32l5xx_it.o
                0x00000000080011d4                UsageFault_Handler
 .text.SVC_Handler
                0x00000000080011da        0xe ./Core/Src/stm32l5xx_it.o
                0x00000000080011da                SVC_Handler
 .text.DebugMon_Handler
                0x00000000080011e8        0xe ./Core/Src/stm32l5xx_it.o
                0x00000000080011e8                DebugMon_Handler
 .text.PendSV_Handler
                0x00000000080011f6        0xe ./Core/Src/stm32l5xx_it.o
                0x00000000080011f6                PendSV_Handler
 .text.SysTick_Handler
                0x0000000008001204        0xc ./Core/Src/stm32l5xx_it.o
                0x0000000008001204                SysTick_Handler
 .text.TIM2_IRQHandler
                0x0000000008001210       0x14 ./Core/Src/stm32l5xx_it.o
                0x0000000008001210                TIM2_IRQHandler
 .text.SystemInit
                0x0000000008001224       0x24 ./Core/Src/system_stm32l5xx.o
                0x0000000008001224                SystemInit
 .text.SystemCoreClockUpdate
                0x0000000008001248      0x15c ./Core/Src/system_stm32l5xx.o
                0x0000000008001248                SystemCoreClockUpdate
 .text.Reset_Handler
                0x00000000080013a4       0x50 ./Core/Startup/startup_stm32l552zetxq.o
                0x00000000080013a4                Reset_Handler
 .text.Default_Handler
                0x00000000080013f4        0x2 ./Core/Startup/startup_stm32l552zetxq.o
                0x00000000080013f4                DMA2_Channel3_IRQHandler
                0x00000000080013f4                TIM8_TRG_COM_IRQHandler
                0x00000000080013f4                TIM8_CC_IRQHandler
                0x00000000080013f4                EXTI5_IRQHandler
                0x00000000080013f4                FLASH_S_IRQHandler
                0x00000000080013f4                TIM1_CC_IRQHandler
                0x00000000080013f4                TSC_IRQHandler
                0x00000000080013f4                TAMP_IRQHandler
                0x00000000080013f4                TIM6_IRQHandler
                0x00000000080013f4                EXTI12_IRQHandler
                0x00000000080013f4                DMA2_Channel8_IRQHandler
                0x00000000080013f4                EXTI3_IRQHandler
                0x00000000080013f4                EXTI8_IRQHandler
                0x00000000080013f4                LPTIM2_IRQHandler
                0x00000000080013f4                DFSDM1_FLT1_IRQHandler
                0x00000000080013f4                USB_FS_IRQHandler
                0x00000000080013f4                I2C3_ER_IRQHandler
                0x00000000080013f4                DFSDM1_FLT2_IRQHandler
                0x00000000080013f4                DMAMUX1_IRQHandler
                0x00000000080013f4                LPTIM3_IRQHandler
                0x00000000080013f4                EXTI0_IRQHandler
                0x00000000080013f4                I2C2_EV_IRQHandler
                0x00000000080013f4                FPU_IRQHandler
                0x00000000080013f4                FDCAN1_IT1_IRQHandler
                0x00000000080013f4                ADC1_2_IRQHandler
                0x00000000080013f4                SPI1_IRQHandler
                0x00000000080013f4                OCTOSPI1_IRQHandler
                0x00000000080013f4                TIM8_UP_IRQHandler
                0x00000000080013f4                RCC_S_IRQHandler
                0x00000000080013f4                DMA2_Channel2_IRQHandler
                0x00000000080013f4                DMA1_Channel4_IRQHandler
                0x00000000080013f4                SAI2_IRQHandler
                0x00000000080013f4                DFSDM1_FLT3_IRQHandler
                0x00000000080013f4                EXTI15_IRQHandler
                0x00000000080013f4                TIM17_IRQHandler
                0x00000000080013f4                USART3_IRQHandler
                0x00000000080013f4                RTC_IRQHandler
                0x00000000080013f4                EXTI9_IRQHandler
                0x00000000080013f4                DMA1_Channel7_IRQHandler
                0x00000000080013f4                UART5_IRQHandler
                0x00000000080013f4                TIM4_IRQHandler
                0x00000000080013f4                DMA2_Channel1_IRQHandler
                0x00000000080013f4                I2C1_EV_IRQHandler
                0x00000000080013f4                DMA1_Channel6_IRQHandler
                0x00000000080013f4                TIM16_IRQHandler
                0x00000000080013f4                UART4_IRQHandler
                0x00000000080013f4                DMA2_Channel4_IRQHandler
                0x00000000080013f4                SecureFault_Handler
                0x00000000080013f4                TIM3_IRQHandler
                0x00000000080013f4                RCC_IRQHandler
                0x00000000080013f4                TIM1_TRG_COM_IRQHandler
                0x00000000080013f4                DMA1_Channel1_IRQHandler
                0x00000000080013f4                Default_Handler
                0x00000000080013f4                DMA2_Channel7_IRQHandler
                0x00000000080013f4                DMA1_Channel8_IRQHandler
                0x00000000080013f4                TIM7_IRQHandler
                0x00000000080013f4                SDMMC1_IRQHandler
                0x00000000080013f4                TIM5_IRQHandler
                0x00000000080013f4                UCPD1_IRQHandler
                0x00000000080013f4                TIM15_IRQHandler
                0x00000000080013f4                I2C3_EV_IRQHandler
                0x00000000080013f4                PVD_PVM_IRQHandler
                0x00000000080013f4                SPI2_IRQHandler
                0x00000000080013f4                EXTI14_IRQHandler
                0x00000000080013f4                EXTI11_IRQHandler
                0x00000000080013f4                DMA2_Channel5_IRQHandler
                0x00000000080013f4                CRS_IRQHandler
                0x00000000080013f4                DMA1_Channel5_IRQHandler
                0x00000000080013f4                EXTI4_IRQHandler
                0x00000000080013f4                RTC_S_IRQHandler
                0x00000000080013f4                RNG_IRQHandler
                0x00000000080013f4                DMAMUX1_S_IRQHandler
                0x00000000080013f4                DMA1_Channel3_IRQHandler
                0x00000000080013f4                COMP_IRQHandler
                0x00000000080013f4                TIM1_UP_IRQHandler
                0x00000000080013f4                WWDG_IRQHandler
                0x00000000080013f4                I2C4_EV_IRQHandler
                0x00000000080013f4                LPUART1_IRQHandler
                0x00000000080013f4                DMA2_Channel6_IRQHandler
                0x00000000080013f4                FDCAN1_IT0_IRQHandler
                0x00000000080013f4                TAMP_S_IRQHandler
                0x00000000080013f4                EXTI7_IRQHandler
                0x00000000080013f4                TIM1_BRK_IRQHandler
                0x00000000080013f4                DAC_IRQHandler
                0x00000000080013f4                EXTI1_IRQHandler
                0x00000000080013f4                GTZC_IRQHandler
                0x00000000080013f4                USART2_IRQHandler
                0x00000000080013f4                DFSDM1_FLT0_IRQHandler
                0x00000000080013f4                I2C2_ER_IRQHandler
                0x00000000080013f4                DMA1_Channel2_IRQHandler
                0x00000000080013f4                TIM8_BRK_IRQHandler
                0x00000000080013f4                FLASH_IRQHandler
                0x00000000080013f4                USART1_IRQHandler
                0x00000000080013f4                EXTI10_IRQHandler
                0x00000000080013f4                SPI3_IRQHandler
                0x00000000080013f4                I2C1_ER_IRQHandler
                0x00000000080013f4                FMC_IRQHandler
                0x00000000080013f4                EXTI6_IRQHandler
                0x00000000080013f4                LPTIM1_IRQHandler
                0x00000000080013f4                I2C4_ER_IRQHandler
                0x00000000080013f4                ICACHE_IRQHandler
                0x00000000080013f4                SAI1_IRQHandler
                0x00000000080013f4                HASH_IRQHandler
                0x00000000080013f4                EXTI2_IRQHandler
 .text.HAL_Init
                0x00000000080013f6       0x34 ./Drivers/STM32L5xx_HAL_Driver/Src/stm32l5xx_hal.o
                0x00000000080013f6                HAL_Init
 *fill*         0x000000000800142a        0x2 
 .text.HAL_InitTick
                0x000000000800142c       0x78 ./Drivers/STM32L5xx_HAL_Driver/Src/stm32l5xx_hal.o
                0x000000000800142c                HAL_InitTick
 .text.HAL_IncTick
                0x00000000080014a4       0x28 ./Drivers/STM32L5xx_HAL_Driver/Src/stm32l5xx_hal.o
                0x00000000080014a4                HAL_IncTick
 .text.HAL_GetTick
                0x00000000080014cc       0x18 ./Drivers/STM32L5xx_HAL_Driver/Src/stm32l5xx_hal.o
                0x00000000080014cc                HAL_GetTick
 .text.LL_ADC_SetCommonClock
                0x00000000080014e4       0x26 ./Drivers/STM32L5xx_HAL_Driver/Src/stm32l5xx_hal_adc.o
 .text.LL_ADC_SetCommonPathInternalCh
                0x000000000800150a       0x26 ./Drivers/STM32L5xx_HAL_Driver/Src/stm32l5xx_hal_adc.o
 .text.LL_ADC_GetCommonPathInternalCh
                0x0000000008001530       0x1c ./Drivers/STM32L5xx_HAL_Driver/Src/stm32l5xx_hal_adc.o
 .text.LL_ADC_SetOffset
                0x000000000800154c       0x48 ./Drivers/STM32L5xx_HAL_Driver/Src/stm32l5xx_hal_adc.o
 .text.LL_ADC_GetOffsetChannel
                0x0000000008001594       0x2c ./Drivers/STM32L5xx_HAL_Driver/Src/stm32l5xx_hal_adc.o
 .text.LL_ADC_SetOffsetState
                0x00000000080015c0       0x36 ./Drivers/STM32L5xx_HAL_Driver/Src/stm32l5xx_hal_adc.o
 .text.LL_ADC_SetSamplingTimeCommonConfig
                0x00000000080015f6       0x26 ./Drivers/STM32L5xx_HAL_Driver/Src/stm32l5xx_hal_adc.o
 .text.LL_ADC_REG_SetSequencerRanks
                0x000000000800161c       0x58 ./Drivers/STM32L5xx_HAL_Driver/Src/stm32l5xx_hal_adc.o
 .text.LL_ADC_SetChannelSamplingTime
                0x0000000008001674       0x56 ./Drivers/STM32L5xx_HAL_Driver/Src/stm32l5xx_hal_adc.o
 *fill*         0x00000000080016ca        0x2 
 .text.LL_ADC_SetChannelSingleDiff
                0x00000000080016cc       0x48 ./Drivers/STM32L5xx_HAL_Driver/Src/stm32l5xx_hal_adc.o
 .text.LL_ADC_DisableDeepPowerDown
                0x0000000008001714       0x24 ./Drivers/STM32L5xx_HAL_Driver/Src/stm32l5xx_hal_adc.o
 .text.LL_ADC_IsDeepPowerDownEnabled
                0x0000000008001738       0x28 ./Drivers/STM32L5xx_HAL_Driver/Src/stm32l5xx_hal_adc.o
 .text.LL_ADC_EnableInternalRegulator
                0x0000000008001760       0x28 ./Drivers/STM32L5xx_HAL_Driver/Src/stm32l5xx_hal_adc.o
 .text.LL_ADC_IsInternalRegulatorEnabled
                0x0000000008001788       0x28 ./Drivers/STM32L5xx_HAL_Driver/Src/stm32l5xx_hal_adc.o
 .text.LL_ADC_IsEnabled
                0x00000000080017b0       0x26 ./Drivers/STM32L5xx_HAL_Driver/Src/stm32l5xx_hal_adc.o
 .text.LL_ADC_REG_IsConversionOngoing
                0x00000000080017d6       0x26 ./Drivers/STM32L5xx_HAL_Driver/Src/stm32l5xx_hal_adc.o
 .text.LL_ADC_INJ_IsConversionOngoing
                0x00000000080017fc       0x26 ./Drivers/STM32L5xx_HAL_Driver/Src/stm32l5xx_hal_adc.o
 *fill*         0x0000000008001822        0x2 
 .text.HAL_ADC_Init
                0x0000000008001824      0x298 ./Drivers/STM32L5xx_HAL_Driver/Src/stm32l5xx_hal_adc.o
                0x0000000008001824                HAL_ADC_Init
 .text.HAL_ADC_ConfigChannel
                0x0000000008001abc      0x7d4 ./Drivers/STM32L5xx_HAL_Driver/Src/stm32l5xx_hal_adc.o
                0x0000000008001abc                HAL_ADC_ConfigChannel
 .text.LL_ADC_IsEnabled
                0x0000000008002290       0x26 ./Drivers/STM32L5xx_HAL_Driver/Src/stm32l5xx_hal_adc_ex.o
 .text.LL_ADC_REG_IsConversionOngoing
                0x00000000080022b6       0x26 ./Drivers/STM32L5xx_HAL_Driver/Src/stm32l5xx_hal_adc_ex.o
 .text.HAL_ADCEx_MultiModeConfigChannel
                0x00000000080022dc      0x148 ./Drivers/STM32L5xx_HAL_Driver/Src/stm32l5xx_hal_adc_ex.o
                0x00000000080022dc                HAL_ADCEx_MultiModeConfigChannel
 .text.__NVIC_SetPriorityGrouping
                0x0000000008002424       0x48 ./Drivers/STM32L5xx_HAL_Driver/Src/stm32l5xx_hal_cortex.o
 .text.__NVIC_GetPriorityGrouping
                0x000000000800246c       0x1c ./Drivers/STM32L5xx_HAL_Driver/Src/stm32l5xx_hal_cortex.o
 .text.__NVIC_EnableIRQ
                0x0000000008002488       0x3c ./Drivers/STM32L5xx_HAL_Driver/Src/stm32l5xx_hal_cortex.o
 .text.__NVIC_SetPriority
                0x00000000080024c4       0x54 ./Drivers/STM32L5xx_HAL_Driver/Src/stm32l5xx_hal_cortex.o
 .text.NVIC_EncodePriority
                0x0000000008002518       0x66 ./Drivers/STM32L5xx_HAL_Driver/Src/stm32l5xx_hal_cortex.o
 *fill*         0x000000000800257e        0x2 
 .text.SysTick_Config
                0x0000000008002580       0x44 ./Drivers/STM32L5xx_HAL_Driver/Src/stm32l5xx_hal_cortex.o
 .text.HAL_NVIC_SetPriorityGrouping
                0x00000000080025c4       0x16 ./Drivers/STM32L5xx_HAL_Driver/Src/stm32l5xx_hal_cortex.o
                0x00000000080025c4                HAL_NVIC_SetPriorityGrouping
 .text.HAL_NVIC_SetPriority
                0x00000000080025da       0x34 ./Drivers/STM32L5xx_HAL_Driver/Src/stm32l5xx_hal_cortex.o
                0x00000000080025da                HAL_NVIC_SetPriority
 .text.HAL_NVIC_EnableIRQ
                0x000000000800260e       0x1c ./Drivers/STM32L5xx_HAL_Driver/Src/stm32l5xx_hal_cortex.o
                0x000000000800260e                HAL_NVIC_EnableIRQ
 .text.HAL_SYSTICK_Config
                0x000000000800262a       0x18 ./Drivers/STM32L5xx_HAL_Driver/Src/stm32l5xx_hal_cortex.o
                0x000000000800262a                HAL_SYSTICK_Config
 *fill*         0x0000000008002642        0x2 
 .text.HAL_GPIO_Init
                0x0000000008002644      0x300 ./Drivers/STM32L5xx_HAL_Driver/Src/stm32l5xx_hal_gpio.o
                0x0000000008002644                HAL_GPIO_Init
 .text.HAL_GPIO_WritePin
                0x0000000008002944       0x30 ./Drivers/STM32L5xx_HAL_Driver/Src/stm32l5xx_hal_gpio.o
                0x0000000008002944                HAL_GPIO_WritePin
 .text.HAL_GPIO_TogglePin
                0x0000000008002974       0x34 ./Drivers/STM32L5xx_HAL_Driver/Src/stm32l5xx_hal_gpio.o
                0x0000000008002974                HAL_GPIO_TogglePin
 .text.HAL_GPIO_EXTI_IRQHandler
                0x00000000080029a8       0x4c ./Drivers/STM32L5xx_HAL_Driver/Src/stm32l5xx_hal_gpio.o
                0x00000000080029a8                HAL_GPIO_EXTI_IRQHandler
 .text.HAL_GPIO_EXTI_Rising_Callback
                0x00000000080029f4       0x16 ./Drivers/STM32L5xx_HAL_Driver/Src/stm32l5xx_hal_gpio.o
                0x00000000080029f4                HAL_GPIO_EXTI_Rising_Callback
 .text.HAL_GPIO_EXTI_Falling_Callback
                0x0000000008002a0a       0x16 ./Drivers/STM32L5xx_HAL_Driver/Src/stm32l5xx_hal_gpio.o
                0x0000000008002a0a                HAL_GPIO_EXTI_Falling_Callback
 .text.HAL_ICACHE_ConfigAssociativityMode
                0x0000000008002a20       0x40 ./Drivers/STM32L5xx_HAL_Driver/Src/stm32l5xx_hal_icache.o
                0x0000000008002a20                HAL_ICACHE_ConfigAssociativityMode
 .text.HAL_ICACHE_Enable
                0x0000000008002a60       0x20 ./Drivers/STM32L5xx_HAL_Driver/Src/stm32l5xx_hal_icache.o
                0x0000000008002a60                HAL_ICACHE_Enable
 .text.HAL_PCD_Init
                0x0000000008002a80      0x19c ./Drivers/STM32L5xx_HAL_Driver/Src/stm32l5xx_hal_pcd.o
                0x0000000008002a80                HAL_PCD_Init
 .text.HAL_PCDEx_ActivateLPM
                0x0000000008002c1c       0x54 ./Drivers/STM32L5xx_HAL_Driver/Src/stm32l5xx_hal_pcd_ex.o
                0x0000000008002c1c                HAL_PCDEx_ActivateLPM
 .text.HAL_PWR_EnableBkUpAccess
                0x0000000008002c70       0x20 ./Drivers/STM32L5xx_HAL_Driver/Src/stm32l5xx_hal_pwr.o
                0x0000000008002c70                HAL_PWR_EnableBkUpAccess
 .text.HAL_PWREx_GetVoltageRange
                0x0000000008002c90       0x1c ./Drivers/STM32L5xx_HAL_Driver/Src/stm32l5xx_hal_pwr_ex.o
                0x0000000008002c90                HAL_PWREx_GetVoltageRange
 .text.HAL_PWREx_ControlVoltageScaling
                0x0000000008002cac       0xb8 ./Drivers/STM32L5xx_HAL_Driver/Src/stm32l5xx_hal_pwr_ex.o
                0x0000000008002cac                HAL_PWREx_ControlVoltageScaling
 .text.HAL_PWREx_EnableVddIO2
                0x0000000008002d64       0x20 ./Drivers/STM32L5xx_HAL_Driver/Src/stm32l5xx_hal_pwr_ex.o
                0x0000000008002d64                HAL_PWREx_EnableVddIO2
 .text.HAL_PWREx_SMPS_GetEffectiveMode
                0x0000000008002d84       0x48 ./Drivers/STM32L5xx_HAL_Driver/Src/stm32l5xx_hal_pwr_ex.o
                0x0000000008002d84                HAL_PWREx_SMPS_GetEffectiveMode
 .text.HAL_RCC_OscConfig
                0x0000000008002dcc      0x9ac ./Drivers/STM32L5xx_HAL_Driver/Src/stm32l5xx_hal_rcc.o
                0x0000000008002dcc                HAL_RCC_OscConfig
 .text.HAL_RCC_ClockConfig
                0x0000000008003778      0x270 ./Drivers/STM32L5xx_HAL_Driver/Src/stm32l5xx_hal_rcc.o
                0x0000000008003778                HAL_RCC_ClockConfig
 .text.HAL_RCC_GetSysClockFreq
                0x00000000080039e8      0x13c ./Drivers/STM32L5xx_HAL_Driver/Src/stm32l5xx_hal_rcc.o
                0x00000000080039e8                HAL_RCC_GetSysClockFreq
 .text.HAL_RCC_GetHCLKFreq
                0x0000000008003b24       0x28 ./Drivers/STM32L5xx_HAL_Driver/Src/stm32l5xx_hal_rcc.o
                0x0000000008003b24                HAL_RCC_GetHCLKFreq
 .text.HAL_RCC_GetPCLK1Freq
                0x0000000008003b4c       0x28 ./Drivers/STM32L5xx_HAL_Driver/Src/stm32l5xx_hal_rcc.o
                0x0000000008003b4c                HAL_RCC_GetPCLK1Freq
 .text.HAL_RCC_GetPCLK2Freq
                0x0000000008003b74       0x28 ./Drivers/STM32L5xx_HAL_Driver/Src/stm32l5xx_hal_rcc.o
                0x0000000008003b74                HAL_RCC_GetPCLK2Freq
 .text.RCC_SetFlashLatencyFromMSIRange
                0x0000000008003b9c       0xc8 ./Drivers/STM32L5xx_HAL_Driver/Src/stm32l5xx_hal_rcc.o
 .text.RCC_GetSysClockFreqFromPLLSource
                0x0000000008003c64       0xdc ./Drivers/STM32L5xx_HAL_Driver/Src/stm32l5xx_hal_rcc.o
 .text.HAL_RCCEx_PeriphCLKConfig
                0x0000000008003d40      0x708 ./Drivers/STM32L5xx_HAL_Driver/Src/stm32l5xx_hal_rcc_ex.o
                0x0000000008003d40                HAL_RCCEx_PeriphCLKConfig
 .text.RCCEx_PLLSAI1_Config
                0x0000000008004448      0x1cc ./Drivers/STM32L5xx_HAL_Driver/Src/stm32l5xx_hal_rcc_ex.o
 .text.RCCEx_PLLSAI2_Config
                0x0000000008004614      0x158 ./Drivers/STM32L5xx_HAL_Driver/Src/stm32l5xx_hal_rcc_ex.o
 .text.HAL_RTC_Init
                0x000000000800476c       0xf0 ./Drivers/STM32L5xx_HAL_Driver/Src/stm32l5xx_hal_rtc.o
                0x000000000800476c                HAL_RTC_Init
 .text.HAL_RTC_WaitForSynchro
                0x000000000800485c       0x48 ./Drivers/STM32L5xx_HAL_Driver/Src/stm32l5xx_hal_rtc.o
                0x000000000800485c                HAL_RTC_WaitForSynchro
 .text.RTC_EnterInitMode
                0x00000000080048a4       0x68 ./Drivers/STM32L5xx_HAL_Driver/Src/stm32l5xx_hal_rtc.o
                0x00000000080048a4                RTC_EnterInitMode
 .text.RTC_ExitInitMode
                0x000000000800490c       0x7c ./Drivers/STM32L5xx_HAL_Driver/Src/stm32l5xx_hal_rtc.o
                0x000000000800490c                RTC_ExitInitMode
 .text.HAL_RTCEx_PrivilegeModeSet
                0x0000000008004988       0x58 ./Drivers/STM32L5xx_HAL_Driver/Src/stm32l5xx_hal_rtc_ex.o
                0x0000000008004988                HAL_RTCEx_PrivilegeModeSet
 .text.HAL_TIM_Base_Init
                0x00000000080049e0       0xae ./Drivers/STM32L5xx_HAL_Driver/Src/stm32l5xx_hal_tim.o
                0x00000000080049e0                HAL_TIM_Base_Init
 *fill*         0x0000000008004a8e        0x2 
 .text.HAL_TIM_Base_Start_IT
                0x0000000008004a90       0xe0 ./Drivers/STM32L5xx_HAL_Driver/Src/stm32l5xx_hal_tim.o
                0x0000000008004a90                HAL_TIM_Base_Start_IT
 .text.HAL_TIM_IRQHandler
                0x0000000008004b70      0x20e ./Drivers/STM32L5xx_HAL_Driver/Src/stm32l5xx_hal_tim.o
                0x0000000008004b70                HAL_TIM_IRQHandler
 .text.HAL_TIM_ConfigClockSource
                0x0000000008004d7e      0x192 ./Drivers/STM32L5xx_HAL_Driver/Src/stm32l5xx_hal_tim.o
                0x0000000008004d7e                HAL_TIM_ConfigClockSource
 .text.HAL_TIM_OC_DelayElapsedCallback
                0x0000000008004f10       0x14 ./Drivers/STM32L5xx_HAL_Driver/Src/stm32l5xx_hal_tim.o
                0x0000000008004f10                HAL_TIM_OC_DelayElapsedCallback
 .text.HAL_TIM_IC_CaptureCallback
                0x0000000008004f24       0x14 ./Drivers/STM32L5xx_HAL_Driver/Src/stm32l5xx_hal_tim.o
                0x0000000008004f24                HAL_TIM_IC_CaptureCallback
 .text.HAL_TIM_PWM_PulseFinishedCallback
                0x0000000008004f38       0x14 ./Drivers/STM32L5xx_HAL_Driver/Src/stm32l5xx_hal_tim.o
                0x0000000008004f38                HAL_TIM_PWM_PulseFinishedCallback
 .text.HAL_TIM_TriggerCallback
                0x0000000008004f4c       0x14 ./Drivers/STM32L5xx_HAL_Driver/Src/stm32l5xx_hal_tim.o
                0x0000000008004f4c                HAL_TIM_TriggerCallback
 .text.TIM_Base_SetConfig
                0x0000000008004f60      0x14c ./Drivers/STM32L5xx_HAL_Driver/Src/stm32l5xx_hal_tim.o
                0x0000000008004f60                TIM_Base_SetConfig
 .text.TIM_TI1_ConfigInputStage
                0x00000000080050ac       0x5e ./Drivers/STM32L5xx_HAL_Driver/Src/stm32l5xx_hal_tim.o
 .text.TIM_TI2_ConfigInputStage
                0x000000000800510a       0x60 ./Drivers/STM32L5xx_HAL_Driver/Src/stm32l5xx_hal_tim.o
 .text.TIM_ITRx_SetConfig
                0x000000000800516a       0x3a ./Drivers/STM32L5xx_HAL_Driver/Src/stm32l5xx_hal_tim.o
 .text.TIM_ETR_SetConfig
                0x00000000080051a4       0x40 ./Drivers/STM32L5xx_HAL_Driver/Src/stm32l5xx_hal_tim.o
                0x00000000080051a4                TIM_ETR_SetConfig
 .text.HAL_TIMEx_MasterConfigSynchronization
                0x00000000080051e4      0x110 ./Drivers/STM32L5xx_HAL_Driver/Src/stm32l5xx_hal_tim_ex.o
                0x00000000080051e4                HAL_TIMEx_MasterConfigSynchronization
 .text.HAL_TIMEx_CommutCallback
                0x00000000080052f4       0x14 ./Drivers/STM32L5xx_HAL_Driver/Src/stm32l5xx_hal_tim_ex.o
                0x00000000080052f4                HAL_TIMEx_CommutCallback
 .text.HAL_TIMEx_BreakCallback
                0x0000000008005308       0x14 ./Drivers/STM32L5xx_HAL_Driver/Src/stm32l5xx_hal_tim_ex.o
                0x0000000008005308                HAL_TIMEx_BreakCallback
 .text.HAL_TIMEx_Break2Callback
                0x000000000800531c       0x14 ./Drivers/STM32L5xx_HAL_Driver/Src/stm32l5xx_hal_tim_ex.o
                0x000000000800531c                HAL_TIMEx_Break2Callback
 .text.HAL_UART_Init
                0x0000000008005330       0xa0 ./Drivers/STM32L5xx_HAL_Driver/Src/stm32l5xx_hal_uart.o
                0x0000000008005330                HAL_UART_Init
 .text.UART_SetConfig
                0x00000000080053d0      0x600 ./Drivers/STM32L5xx_HAL_Driver/Src/stm32l5xx_hal_uart.o
                0x00000000080053d0                UART_SetConfig
 .text.UART_AdvFeatureConfig
                0x00000000080059d0      0x144 ./Drivers/STM32L5xx_HAL_Driver/Src/stm32l5xx_hal_uart.o
                0x00000000080059d0                UART_AdvFeatureConfig
 .text.UART_CheckIdleState
                0x0000000008005b14      0x154 ./Drivers/STM32L5xx_HAL_Driver/Src/stm32l5xx_hal_uart.o
                0x0000000008005b14                UART_CheckIdleState
 .text.UART_WaitOnFlagUntilTimeout
                0x0000000008005c68       0xda ./Drivers/STM32L5xx_HAL_Driver/Src/stm32l5xx_hal_uart.o
                0x0000000008005c68                UART_WaitOnFlagUntilTimeout
 .text.UART_EndRxTransfer
                0x0000000008005d42       0xcc ./Drivers/STM32L5xx_HAL_Driver/Src/stm32l5xx_hal_uart.o
 .text.HAL_UARTEx_DisableFifoMode
                0x0000000008005e0e       0x72 ./Drivers/STM32L5xx_HAL_Driver/Src/stm32l5xx_hal_uart_ex.o
                0x0000000008005e0e                HAL_UARTEx_DisableFifoMode
 .text.HAL_UARTEx_SetTxFifoThreshold
                0x0000000008005e80       0x7c ./Drivers/STM32L5xx_HAL_Driver/Src/stm32l5xx_hal_uart_ex.o
                0x0000000008005e80                HAL_UARTEx_SetTxFifoThreshold
 .text.HAL_UARTEx_SetRxFifoThreshold
                0x0000000008005efc       0x7c ./Drivers/STM32L5xx_HAL_Driver/Src/stm32l5xx_hal_uart_ex.o
                0x0000000008005efc                HAL_UARTEx_SetRxFifoThreshold
 .text.UARTEx_SetNbDataToProcess
                0x0000000008005f78       0x9c ./Drivers/STM32L5xx_HAL_Driver/Src/stm32l5xx_hal_uart_ex.o
 .text.LL_GPIO_SetPinMode
                0x0000000008006014       0x7a ./Drivers/STM32L5xx_HAL_Driver/Src/stm32l5xx_ll_gpio.o
 .text.LL_GPIO_SetPinOutputType
                0x000000000800608e       0x30 ./Drivers/STM32L5xx_HAL_Driver/Src/stm32l5xx_ll_gpio.o
 .text.LL_GPIO_SetPinSpeed
                0x00000000080060be       0x7a ./Drivers/STM32L5xx_HAL_Driver/Src/stm32l5xx_ll_gpio.o
 .text.LL_GPIO_SetPinPull
                0x0000000008006138       0x7a ./Drivers/STM32L5xx_HAL_Driver/Src/stm32l5xx_ll_gpio.o
 .text.LL_GPIO_SetAFPin_0_7
                0x00000000080061b2       0x7a ./Drivers/STM32L5xx_HAL_Driver/Src/stm32l5xx_ll_gpio.o
 .text.LL_GPIO_SetAFPin_8_15
                0x000000000800622c       0x7e ./Drivers/STM32L5xx_HAL_Driver/Src/stm32l5xx_ll_gpio.o
 .text.LL_GPIO_Init
                0x00000000080062aa       0xda ./Drivers/STM32L5xx_HAL_Driver/Src/stm32l5xx_ll_gpio.o
                0x00000000080062aa                LL_GPIO_Init
 .text.USB_DisableGlobalInt
                0x0000000008006384       0x36 ./Drivers/STM32L5xx_HAL_Driver/Src/stm32l5xx_ll_usb.o
                0x0000000008006384                USB_DisableGlobalInt
 .text.USB_DevInit
                0x00000000080063ba       0x3c ./Drivers/STM32L5xx_HAL_Driver/Src/stm32l5xx_ll_usb.o
                0x00000000080063ba                USB_DevInit
 .text.memset   0x00000000080063f6       0x10 /Applications/STM32CubeIDE.app/Contents/Eclipse/plugins/com.st.stm32cube.ide.mcu.externaltools.gnu-tools-for-stm32.11.3.rel1.macos64_1.1.100.202310310803/tools/bin/../lib/gcc/arm-none-eabi/11.3.1/../../../../arm-none-eabi/lib/thumb/v8-m.main+fp/hard/libc_nano.a(libc_a-memset.o)
                0x00000000080063f6                memset
 *fill*         0x0000000008006406        0x2 
 .text.__libc_init_array
                0x0000000008006408       0x48 /Applications/STM32CubeIDE.app/Contents/Eclipse/plugins/com.st.stm32cube.ide.mcu.externaltools.gnu-tools-for-stm32.11.3.rel1.macos64_1.1.100.202310310803/tools/bin/../lib/gcc/arm-none-eabi/11.3.1/../../../../arm-none-eabi/lib/thumb/v8-m.main+fp/hard/libc_nano.a(libc_a-init.o)
                0x0000000008006408                __libc_init_array
 *(.glue_7)
 .glue_7        0x0000000008006450        0x0 linker stubs
 *(.glue_7t)
 .glue_7t       0x0000000008006450        0x0 linker stubs
 *(.eh_frame)
 .eh_frame      0x0000000008006450        0x0 /Applications/STM32CubeIDE.app/Contents/Eclipse/plugins/com.st.stm32cube.ide.mcu.externaltools.gnu-tools-for-stm32.11.3.rel1.macos64_1.1.100.202310310803/tools/bin/../lib/gcc/arm-none-eabi/11.3.1/thumb/v8-m.main+fp/hard/crtbegin.o
 *(.init)
 .init          0x0000000008006450        0x4 /Applications/STM32CubeIDE.app/Contents/Eclipse/plugins/com.st.stm32cube.ide.mcu.externaltools.gnu-tools-for-stm32.11.3.rel1.macos64_1.1.100.202310310803/tools/bin/../lib/gcc/arm-none-eabi/11.3.1/thumb/v8-m.main+fp/hard/crti.o
                0x0000000008006450                _init
 .init          0x0000000008006454        0x8 /Applications/STM32CubeIDE.app/Contents/Eclipse/plugins/com.st.stm32cube.ide.mcu.externaltools.gnu-tools-for-stm32.11.3.rel1.macos64_1.1.100.202310310803/tools/bin/../lib/gcc/arm-none-eabi/11.3.1/thumb/v8-m.main+fp/hard/crtn.o
 *(.fini)
 .fini          0x000000000800645c        0x4 /Applications/STM32CubeIDE.app/Contents/Eclipse/plugins/com.st.stm32cube.ide.mcu.externaltools.gnu-tools-for-stm32.11.3.rel1.macos64_1.1.100.202310310803/tools/bin/../lib/gcc/arm-none-eabi/11.3.1/thumb/v8-m.main+fp/hard/crti.o
                0x000000000800645c                _fini
 .fini          0x0000000008006460        0x8 /Applications/STM32CubeIDE.app/Contents/Eclipse/plugins/com.st.stm32cube.ide.mcu.externaltools.gnu-tools-for-stm32.11.3.rel1.macos64_1.1.100.202310310803/tools/bin/../lib/gcc/arm-none-eabi/11.3.1/thumb/v8-m.main+fp/hard/crtn.o
                0x0000000008006468                . = ALIGN (0x4)
                0x0000000008006468                _etext = .

.vfp11_veneer   0x0000000008006468        0x0
 .vfp11_veneer  0x0000000008006468        0x0 linker stubs

.v4_bx          0x0000000008006468        0x0
 .v4_bx         0x0000000008006468        0x0 linker stubs

.iplt           0x0000000008006468        0x0
 .iplt          0x0000000008006468        0x0 /Applications/STM32CubeIDE.app/Contents/Eclipse/plugins/com.st.stm32cube.ide.mcu.externaltools.gnu-tools-for-stm32.11.3.rel1.macos64_1.1.100.202310310803/tools/bin/../lib/gcc/arm-none-eabi/11.3.1/thumb/v8-m.main+fp/hard/crtbegin.o

.rodata         0x0000000008006468       0x80
                0x0000000008006468                . = ALIGN (0x4)
 *(.rodata)
 *(.rodata*)
 .rodata.AHBPrescTable
                0x0000000008006468       0x10 ./Core/Src/system_stm32l5xx.o
                0x0000000008006468                AHBPrescTable
 .rodata.APBPrescTable
                0x0000000008006478        0x8 ./Core/Src/system_stm32l5xx.o
                0x0000000008006478                APBPrescTable
 .rodata.MSIRangeTable
                0x0000000008006480       0x40 ./Core/Src/system_stm32l5xx.o
                0x0000000008006480                MSIRangeTable
 .rodata.UARTPrescTable
                0x00000000080064c0       0x18 ./Drivers/STM32L5xx_HAL_Driver/Src/stm32l5xx_hal_uart.o
                0x00000000080064c0                UARTPrescTable
 .rodata.numerator.1
                0x00000000080064d8        0x8 ./Drivers/STM32L5xx_HAL_Driver/Src/stm32l5xx_hal_uart_ex.o
 .rodata.denominator.0
                0x00000000080064e0        0x8 ./Drivers/STM32L5xx_HAL_Driver/Src/stm32l5xx_hal_uart_ex.o
                0x00000000080064e8                . = ALIGN (0x4)

.ARM.extab      0x00000000080064e8        0x0
                0x00000000080064e8                . = ALIGN (0x4)
 *(.ARM.extab* .gnu.linkonce.armextab.*)
                0x00000000080064e8                . = ALIGN (0x4)

.ARM            0x00000000080064e8        0x8
                0x00000000080064e8                . = ALIGN (0x4)
                0x00000000080064e8                __exidx_start = .
 *(.ARM.exidx*)
 .ARM.exidx     0x00000000080064e8        0x8 /Applications/STM32CubeIDE.app/Contents/Eclipse/plugins/com.st.stm32cube.ide.mcu.externaltools.gnu-tools-for-stm32.11.3.rel1.macos64_1.1.100.202310310803/tools/bin/../lib/gcc/arm-none-eabi/11.3.1/thumb/v8-m.main+fp/hard/libgcc.a(_udivmoddi4.o)
                0x00000000080064f0                __exidx_end = .
                0x00000000080064f0                . = ALIGN (0x4)

.rel.dyn        0x00000000080064f0        0x0
 .rel.iplt      0x00000000080064f0        0x0 /Applications/STM32CubeIDE.app/Contents/Eclipse/plugins/com.st.stm32cube.ide.mcu.externaltools.gnu-tools-for-stm32.11.3.rel1.macos64_1.1.100.202310310803/tools/bin/../lib/gcc/arm-none-eabi/11.3.1/thumb/v8-m.main+fp/hard/crtbegin.o

.preinit_array  0x00000000080064f0        0x0
                0x00000000080064f0                . = ALIGN (0x4)
                0x00000000080064f0                PROVIDE (__preinit_array_start = .)
 *(.preinit_array*)
                0x00000000080064f0                PROVIDE (__preinit_array_end = .)
                0x00000000080064f0                . = ALIGN (0x4)

.init_array     0x00000000080064f0        0x4
                0x00000000080064f0                . = ALIGN (0x4)
                0x00000000080064f0                PROVIDE (__init_array_start = .)
 *(SORT_BY_NAME(.init_array.*))
 *(.init_array*)
 .init_array    0x00000000080064f0        0x4 /Applications/STM32CubeIDE.app/Contents/Eclipse/plugins/com.st.stm32cube.ide.mcu.externaltools.gnu-tools-for-stm32.11.3.rel1.macos64_1.1.100.202310310803/tools/bin/../lib/gcc/arm-none-eabi/11.3.1/thumb/v8-m.main+fp/hard/crtbegin.o
                0x00000000080064f4                PROVIDE (__init_array_end = .)
                0x00000000080064f4                . = ALIGN (0x4)

.fini_array     0x00000000080064f4        0x4
                0x00000000080064f4                . = ALIGN (0x4)
                [!provide]                        PROVIDE (__fini_array_start = .)
 *(SORT_BY_NAME(.fini_array.*))
 *(.fini_array*)
 .fini_array    0x00000000080064f4        0x4 /Applications/STM32CubeIDE.app/Contents/Eclipse/plugins/com.st.stm32cube.ide.mcu.externaltools.gnu-tools-for-stm32.11.3.rel1.macos64_1.1.100.202310310803/tools/bin/../lib/gcc/arm-none-eabi/11.3.1/thumb/v8-m.main+fp/hard/crtbegin.o
                [!provide]                        PROVIDE (__fini_array_end = .)
                0x00000000080064f8                . = ALIGN (0x4)
                0x00000000080064f8                _sidata = LOADADDR (.data)

.data           0x0000000020000000        0xc load address 0x00000000080064f8
                0x0000000020000000                . = ALIGN (0x4)
                0x0000000020000000                _sdata = .
 *(.data)
 *(.data*)
 .data.SystemCoreClock
                0x0000000020000000        0x4 ./Core/Src/system_stm32l5xx.o
                0x0000000020000000                SystemCoreClock
 .data.uwTickPrio
                0x0000000020000004        0x4 ./Drivers/STM32L5xx_HAL_Driver/Src/stm32l5xx_hal.o
                0x0000000020000004                uwTickPrio
 .data.uwTickFreq
                0x0000000020000008        0x1 ./Drivers/STM32L5xx_HAL_Driver/Src/stm32l5xx_hal.o
                0x0000000020000008                uwTickFreq
 *(.RamFunc)
 *(.RamFunc*)
                0x000000002000000c                . = ALIGN (0x4)
 *fill*         0x0000000020000009        0x3 
                0x000000002000000c                _edata = .

.igot.plt       0x000000002000000c        0x0 load address 0x0000000008006504
 .igot.plt      0x000000002000000c        0x0 /Applications/STM32CubeIDE.app/Contents/Eclipse/plugins/com.st.stm32cube.ide.mcu.externaltools.gnu-tools-for-stm32.11.3.rel1.macos64_1.1.100.202310310803/tools/bin/../lib/gcc/arm-none-eabi/11.3.1/thumb/v8-m.main+fp/hard/crtbegin.o
                0x000000002000000c                . = ALIGN (0x4)

.bss            0x000000002000000c      0x478 load address 0x0000000008006504
                0x000000002000000c                _sbss = .
                0x000000002000000c                __bss_start__ = _sbss
 *(.bss)
 .bss           0x000000002000000c       0x1c /Applications/STM32CubeIDE.app/Contents/Eclipse/plugins/com.st.stm32cube.ide.mcu.externaltools.gnu-tools-for-stm32.11.3.rel1.macos64_1.1.100.202310310803/tools/bin/../lib/gcc/arm-none-eabi/11.3.1/thumb/v8-m.main+fp/hard/crtbegin.o
 *(.bss*)
 .bss.hadc1     0x0000000020000028       0x68 ./Core/Src/main.o
                0x0000000020000028                hadc1
 .bss.hlpuart1  0x0000000020000090       0x94 ./Core/Src/main.o
                0x0000000020000090                hlpuart1
 .bss.hrtc      0x0000000020000124       0x28 ./Core/Src/main.o
                0x0000000020000124                hrtc
 .bss.htim2     0x000000002000014c       0x4c ./Core/Src/main.o
                0x000000002000014c                htim2
 .bss.hpcd_USB_FS
                0x0000000020000198      0x2dc ./Core/Src/main.o
                0x0000000020000198                hpcd_USB_FS
 .bss.time      0x0000000020000474        0x4 ./Core/Src/main.o
                0x0000000020000474                time
 .bss.funcState
                0x0000000020000478        0x4 ./Core/Src/main.o
                0x0000000020000478                funcState
 .bss.count     0x000000002000047c        0x4 ./Core/Src/main.o
                0x000000002000047c                count
 .bss.uwTick    0x0000000020000480        0x4 ./Drivers/STM32L5xx_HAL_Driver/Src/stm32l5xx_hal.o
                0x0000000020000480                uwTick
 *(COMMON)
                0x0000000020000484                . = ALIGN (0x4)
                0x0000000020000484                _ebss = .
                0x0000000020000484                __bss_end__ = _ebss

._user_heap_stack
                0x0000000020000484      0x604 load address 0x0000000008006504
                0x0000000020000488                . = ALIGN (0x8)
 *fill*         0x0000000020000484        0x4 
                [!provide]                        PROVIDE (end = .)
                0x0000000020000488                PROVIDE (_end = .)
                0x0000000020000688                . = (. + _Min_Heap_Size)
 *fill*         0x0000000020000488      0x200 
                0x0000000020000a88                . = (. + _Min_Stack_Size)
 *fill*         0x0000000020000688      0x400 
                0x0000000020000a88                . = ALIGN (0x8)

/DISCARD/
 libc.a(*)
 libm.a(*)
 libgcc.a(*)

.ARM.attributes
                0x0000000000000000       0x36
 *(.ARM.attributes)
 .ARM.attributes
                0x0000000000000000       0x22 /Applications/STM32CubeIDE.app/Contents/Eclipse/plugins/com.st.stm32cube.ide.mcu.externaltools.gnu-tools-for-stm32.11.3.rel1.macos64_1.1.100.202310310803/tools/bin/../lib/gcc/arm-none-eabi/11.3.1/thumb/v8-m.main+fp/hard/crti.o
 .ARM.attributes
                0x0000000000000022       0x38 /Applications/STM32CubeIDE.app/Contents/Eclipse/plugins/com.st.stm32cube.ide.mcu.externaltools.gnu-tools-for-stm32.11.3.rel1.macos64_1.1.100.202310310803/tools/bin/../lib/gcc/arm-none-eabi/11.3.1/thumb/v8-m.main+fp/hard/crtbegin.o
 .ARM.attributes
                0x000000000000005a       0x3a ./Core/Src/main.o
 .ARM.attributes
                0x0000000000000094       0x3a ./Core/Src/stm32l5xx_hal_msp.o
 .ARM.attributes
                0x00000000000000ce       0x3a ./Core/Src/stm32l5xx_it.o
 .ARM.attributes
                0x0000000000000108       0x3a ./Core/Src/system_stm32l5xx.o
 .ARM.attributes
                0x0000000000000142       0x24 ./Core/Startup/startup_stm32l552zetxq.o
 .ARM.attributes
                0x0000000000000166       0x3a ./Drivers/STM32L5xx_HAL_Driver/Src/stm32l5xx_hal.o
 .ARM.attributes
                0x00000000000001a0       0x3a ./Drivers/STM32L5xx_HAL_Driver/Src/stm32l5xx_hal_adc.o
 .ARM.attributes
                0x00000000000001da       0x3a ./Drivers/STM32L5xx_HAL_Driver/Src/stm32l5xx_hal_adc_ex.o
 .ARM.attributes
                0x0000000000000214       0x3a ./Drivers/STM32L5xx_HAL_Driver/Src/stm32l5xx_hal_cortex.o
 .ARM.attributes
                0x000000000000024e       0x3a ./Drivers/STM32L5xx_HAL_Driver/Src/stm32l5xx_hal_gpio.o
 .ARM.attributes
                0x0000000000000288       0x3a ./Drivers/STM32L5xx_HAL_Driver/Src/stm32l5xx_hal_icache.o
 .ARM.attributes
                0x00000000000002c2       0x3a ./Drivers/STM32L5xx_HAL_Driver/Src/stm32l5xx_hal_pcd.o
 .ARM.attributes
                0x00000000000002fc       0x3a ./Drivers/STM32L5xx_HAL_Driver/Src/stm32l5xx_hal_pcd_ex.o
 .ARM.attributes
                0x0000000000000336       0x3a ./Drivers/STM32L5xx_HAL_Driver/Src/stm32l5xx_hal_pwr.o
 .ARM.attributes
                0x0000000000000370       0x3a ./Drivers/STM32L5xx_HAL_Driver/Src/stm32l5xx_hal_pwr_ex.o
 .ARM.attributes
                0x00000000000003aa       0x3a ./Drivers/STM32L5xx_HAL_Driver/Src/stm32l5xx_hal_rcc.o
 .ARM.attributes
                0x00000000000003e4       0x3a ./Drivers/STM32L5xx_HAL_Driver/Src/stm32l5xx_hal_rcc_ex.o
 .ARM.attributes
                0x000000000000041e       0x3a ./Drivers/STM32L5xx_HAL_Driver/Src/stm32l5xx_hal_rtc.o
 .ARM.attributes
                0x0000000000000458       0x3a ./Drivers/STM32L5xx_HAL_Driver/Src/stm32l5xx_hal_rtc_ex.o
 .ARM.attributes
                0x0000000000000492       0x3a ./Drivers/STM32L5xx_HAL_Driver/Src/stm32l5xx_hal_tim.o
 .ARM.attributes
                0x00000000000004cc       0x3a ./Drivers/STM32L5xx_HAL_Driver/Src/stm32l5xx_hal_tim_ex.o
 .ARM.attributes
                0x0000000000000506       0x3a ./Drivers/STM32L5xx_HAL_Driver/Src/stm32l5xx_hal_uart.o
 .ARM.attributes
                0x0000000000000540       0x3a ./Drivers/STM32L5xx_HAL_Driver/Src/stm32l5xx_hal_uart_ex.o
 .ARM.attributes
                0x000000000000057a       0x3a ./Drivers/STM32L5xx_HAL_Driver/Src/stm32l5xx_ll_gpio.o
 .ARM.attributes
                0x00000000000005b4       0x3a ./Drivers/STM32L5xx_HAL_Driver/Src/stm32l5xx_ll_usb.o
 .ARM.attributes
                0x00000000000005ee       0x38 /Applications/STM32CubeIDE.app/Contents/Eclipse/plugins/com.st.stm32cube.ide.mcu.externaltools.gnu-tools-for-stm32.11.3.rel1.macos64_1.1.100.202310310803/tools/bin/../lib/gcc/arm-none-eabi/11.3.1/../../../../arm-none-eabi/lib/thumb/v8-m.main+fp/hard/libc_nano.a(libc_a-memset.o)
 .ARM.attributes
                0x0000000000000626       0x38 /Applications/STM32CubeIDE.app/Contents/Eclipse/plugins/com.st.stm32cube.ide.mcu.externaltools.gnu-tools-for-stm32.11.3.rel1.macos64_1.1.100.202310310803/tools/bin/../lib/gcc/arm-none-eabi/11.3.1/../../../../arm-none-eabi/lib/thumb/v8-m.main+fp/hard/libc_nano.a(libc_a-init.o)
 .ARM.attributes
                0x000000000000065e       0x22 /Applications/STM32CubeIDE.app/Contents/Eclipse/plugins/com.st.stm32cube.ide.mcu.externaltools.gnu-tools-for-stm32.11.3.rel1.macos64_1.1.100.202310310803/tools/bin/../lib/gcc/arm-none-eabi/11.3.1/thumb/v8-m.main+fp/hard/libgcc.a(_aeabi_uldivmod.o)
 .ARM.attributes
                0x0000000000000680       0x38 /Applications/STM32CubeIDE.app/Contents/Eclipse/plugins/com.st.stm32cube.ide.mcu.externaltools.gnu-tools-for-stm32.11.3.rel1.macos64_1.1.100.202310310803/tools/bin/../lib/gcc/arm-none-eabi/11.3.1/thumb/v8-m.main+fp/hard/libgcc.a(_udivmoddi4.o)
 .ARM.attributes
                0x00000000000006b8       0x22 /Applications/STM32CubeIDE.app/Contents/Eclipse/plugins/com.st.stm32cube.ide.mcu.externaltools.gnu-tools-for-stm32.11.3.rel1.macos64_1.1.100.202310310803/tools/bin/../lib/gcc/arm-none-eabi/11.3.1/thumb/v8-m.main+fp/hard/libgcc.a(_dvmd_tls.o)
 .ARM.attributes
                0x00000000000006da       0x22 /Applications/STM32CubeIDE.app/Contents/Eclipse/plugins/com.st.stm32cube.ide.mcu.externaltools.gnu-tools-for-stm32.11.3.rel1.macos64_1.1.100.202310310803/tools/bin/../lib/gcc/arm-none-eabi/11.3.1/thumb/v8-m.main+fp/hard/crtn.o
OUTPUT(FinalProj-EP3.elf elf32-littlearm)
LOAD linker stubs
LOAD /Applications/STM32CubeIDE.app/Contents/Eclipse/plugins/com.st.stm32cube.ide.mcu.externaltools.gnu-tools-for-stm32.11.3.rel1.macos64_1.1.100.202310310803/tools/bin/../lib/gcc/arm-none-eabi/11.3.1/../../../../arm-none-eabi/lib/thumb/v8-m.main+fp/hard/libc.a
LOAD /Applications/STM32CubeIDE.app/Contents/Eclipse/plugins/com.st.stm32cube.ide.mcu.externaltools.gnu-tools-for-stm32.11.3.rel1.macos64_1.1.100.202310310803/tools/bin/../lib/gcc/arm-none-eabi/11.3.1/../../../../arm-none-eabi/lib/thumb/v8-m.main+fp/hard/libm.a
LOAD /Applications/STM32CubeIDE.app/Contents/Eclipse/plugins/com.st.stm32cube.ide.mcu.externaltools.gnu-tools-for-stm32.11.3.rel1.macos64_1.1.100.202310310803/tools/bin/../lib/gcc/arm-none-eabi/11.3.1/thumb/v8-m.main+fp/hard/libgcc.a

.comment        0x0000000000000000       0x43
 .comment       0x0000000000000000       0x43 /Applications/STM32CubeIDE.app/Contents/Eclipse/plugins/com.st.stm32cube.ide.mcu.externaltools.gnu-tools-for-stm32.11.3.rel1.macos64_1.1.100.202310310803/tools/bin/../lib/gcc/arm-none-eabi/11.3.1/thumb/v8-m.main+fp/hard/crtbegin.o
                                         0x44 (size before relaxing)
 .comment       0x0000000000000043       0x44 ./Core/Src/main.o
 .comment       0x0000000000000043       0x44 ./Core/Src/stm32l5xx_hal_msp.o
 .comment       0x0000000000000043       0x44 ./Core/Src/stm32l5xx_it.o
 .comment       0x0000000000000043       0x44 ./Core/Src/system_stm32l5xx.o
 .comment       0x0000000000000043       0x44 ./Drivers/STM32L5xx_HAL_Driver/Src/stm32l5xx_hal.o
 .comment       0x0000000000000043       0x44 ./Drivers/STM32L5xx_HAL_Driver/Src/stm32l5xx_hal_adc.o
 .comment       0x0000000000000043       0x44 ./Drivers/STM32L5xx_HAL_Driver/Src/stm32l5xx_hal_adc_ex.o
 .comment       0x0000000000000043       0x44 ./Drivers/STM32L5xx_HAL_Driver/Src/stm32l5xx_hal_cortex.o
 .comment       0x0000000000000043       0x44 ./Drivers/STM32L5xx_HAL_Driver/Src/stm32l5xx_hal_gpio.o
 .comment       0x0000000000000043       0x44 ./Drivers/STM32L5xx_HAL_Driver/Src/stm32l5xx_hal_icache.o
 .comment       0x0000000000000043       0x44 ./Drivers/STM32L5xx_HAL_Driver/Src/stm32l5xx_hal_pcd.o
 .comment       0x0000000000000043       0x44 ./Drivers/STM32L5xx_HAL_Driver/Src/stm32l5xx_hal_pcd_ex.o
 .comment       0x0000000000000043       0x44 ./Drivers/STM32L5xx_HAL_Driver/Src/stm32l5xx_hal_pwr.o
 .comment       0x0000000000000043       0x44 ./Drivers/STM32L5xx_HAL_Driver/Src/stm32l5xx_hal_pwr_ex.o
 .comment       0x0000000000000043       0x44 ./Drivers/STM32L5xx_HAL_Driver/Src/stm32l5xx_hal_rcc.o
 .comment       0x0000000000000043       0x44 ./Drivers/STM32L5xx_HAL_Driver/Src/stm32l5xx_hal_rcc_ex.o
 .comment       0x0000000000000043       0x44 ./Drivers/STM32L5xx_HAL_Driver/Src/stm32l5xx_hal_rtc.o
 .comment       0x0000000000000043       0x44 ./Drivers/STM32L5xx_HAL_Driver/Src/stm32l5xx_hal_rtc_ex.o
 .comment       0x0000000000000043       0x44 ./Drivers/STM32L5xx_HAL_Driver/Src/stm32l5xx_hal_tim.o
 .comment       0x0000000000000043       0x44 ./Drivers/STM32L5xx_HAL_Driver/Src/stm32l5xx_hal_tim_ex.o
 .comment       0x0000000000000043       0x44 ./Drivers/STM32L5xx_HAL_Driver/Src/stm32l5xx_hal_uart.o
 .comment       0x0000000000000043       0x44 ./Drivers/STM32L5xx_HAL_Driver/Src/stm32l5xx_hal_uart_ex.o
 .comment       0x0000000000000043       0x44 ./Drivers/STM32L5xx_HAL_Driver/Src/stm32l5xx_ll_gpio.o
 .comment       0x0000000000000043       0x44 ./Drivers/STM32L5xx_HAL_Driver/Src/stm32l5xx_ll_usb.o

.debug_info     0x0000000000000000    0x20056
 .debug_info    0x0000000000000000     0x27c8 ./Core/Src/main.o
 .debug_info    0x00000000000027c8     0x239a ./Core/Src/stm32l5xx_hal_msp.o
 .debug_info    0x0000000000004b62      0x88d ./Core/Src/stm32l5xx_it.o
 .debug_info    0x00000000000053ef      0x7e2 ./Core/Src/system_stm32l5xx.o
 .debug_info    0x0000000000005bd1       0x23 ./Core/Startup/startup_stm32l552zetxq.o
 .debug_info    0x0000000000005bf4      0xcf3 ./Drivers/STM32L5xx_HAL_Driver/Src/stm32l5xx_hal.o
 .debug_info    0x00000000000068e7     0x1f20 ./Drivers/STM32L5xx_HAL_Driver/Src/stm32l5xx_hal_adc.o
 .debug_info    0x0000000000008807     0x1cbb ./Drivers/STM32L5xx_HAL_Driver/Src/stm32l5xx_hal_adc_ex.o
 .debug_info    0x000000000000a4c2     0x1106 ./Drivers/STM32L5xx_HAL_Driver/Src/stm32l5xx_hal_cortex.o
 .debug_info    0x000000000000b5c8      0x5d4 ./Drivers/STM32L5xx_HAL_Driver/Src/stm32l5xx_hal_gpio.o
 .debug_info    0x000000000000bb9c      0x4c1 ./Drivers/STM32L5xx_HAL_Driver/Src/stm32l5xx_hal_icache.o
 .debug_info    0x000000000000c05d     0x161b ./Drivers/STM32L5xx_HAL_Driver/Src/stm32l5xx_hal_pcd.o
 .debug_info    0x000000000000d678      0x80a ./Drivers/STM32L5xx_HAL_Driver/Src/stm32l5xx_hal_pcd_ex.o
 .debug_info    0x000000000000de82      0xcd2 ./Drivers/STM32L5xx_HAL_Driver/Src/stm32l5xx_hal_pwr.o
 .debug_info    0x000000000000eb54      0xd73 ./Drivers/STM32L5xx_HAL_Driver/Src/stm32l5xx_hal_pwr_ex.o
 .debug_info    0x000000000000f8c7      0xf75 ./Drivers/STM32L5xx_HAL_Driver/Src/stm32l5xx_hal_rcc.o
 .debug_info    0x000000000001083c     0x1134 ./Drivers/STM32L5xx_HAL_Driver/Src/stm32l5xx_hal_rcc_ex.o
 .debug_info    0x0000000000011970      0xf0b ./Drivers/STM32L5xx_HAL_Driver/Src/stm32l5xx_hal_rtc.o
 .debug_info    0x000000000001287b     0x19c9 ./Drivers/STM32L5xx_HAL_Driver/Src/stm32l5xx_hal_rtc_ex.o
 .debug_info    0x0000000000014244     0x2bdb ./Drivers/STM32L5xx_HAL_Driver/Src/stm32l5xx_hal_tim.o
 .debug_info    0x0000000000016e1f     0x18b5 ./Drivers/STM32L5xx_HAL_Driver/Src/stm32l5xx_hal_tim_ex.o
 .debug_info    0x00000000000186d4     0x48fb ./Drivers/STM32L5xx_HAL_Driver/Src/stm32l5xx_hal_uart.o
 .debug_info    0x000000000001cfcf      0xffd ./Drivers/STM32L5xx_HAL_Driver/Src/stm32l5xx_hal_uart_ex.o
 .debug_info    0x000000000001dfcc      0xa1f ./Drivers/STM32L5xx_HAL_Driver/Src/stm32l5xx_ll_gpio.o
 .debug_info    0x000000000001e9eb     0x166b ./Drivers/STM32L5xx_HAL_Driver/Src/stm32l5xx_ll_usb.o

.debug_abbrev   0x0000000000000000     0x3bf3
 .debug_abbrev  0x0000000000000000      0x398 ./Core/Src/main.o
 .debug_abbrev  0x0000000000000398      0x2b6 ./Core/Src/stm32l5xx_hal_msp.o
 .debug_abbrev  0x000000000000064e      0x1aa ./Core/Src/stm32l5xx_it.o
 .debug_abbrev  0x00000000000007f8      0x12b ./Core/Src/system_stm32l5xx.o
 .debug_abbrev  0x0000000000000923       0x12 ./Core/Startup/startup_stm32l552zetxq.o
 .debug_abbrev  0x0000000000000935      0x2cd ./Drivers/STM32L5xx_HAL_Driver/Src/stm32l5xx_hal.o
 .debug_abbrev  0x0000000000000c02      0x2cc ./Drivers/STM32L5xx_HAL_Driver/Src/stm32l5xx_hal_adc.o
 .debug_abbrev  0x0000000000000ece      0x2ef ./Drivers/STM32L5xx_HAL_Driver/Src/stm32l5xx_hal_adc_ex.o
 .debug_abbrev  0x00000000000011bd      0x32c ./Drivers/STM32L5xx_HAL_Driver/Src/stm32l5xx_hal_cortex.o
 .debug_abbrev  0x00000000000014e9      0x1c2 ./Drivers/STM32L5xx_HAL_Driver/Src/stm32l5xx_hal_gpio.o
 .debug_abbrev  0x00000000000016ab      0x228 ./Drivers/STM32L5xx_HAL_Driver/Src/stm32l5xx_hal_icache.o
 .debug_abbrev  0x00000000000018d3      0x2b9 ./Drivers/STM32L5xx_HAL_Driver/Src/stm32l5xx_hal_pcd.o
 .debug_abbrev  0x0000000000001b8c      0x228 ./Drivers/STM32L5xx_HAL_Driver/Src/stm32l5xx_hal_pcd_ex.o
 .debug_abbrev  0x0000000000001db4      0x20a ./Drivers/STM32L5xx_HAL_Driver/Src/stm32l5xx_hal_pwr.o
 .debug_abbrev  0x0000000000001fbe      0x28c ./Drivers/STM32L5xx_HAL_Driver/Src/stm32l5xx_hal_pwr_ex.o
 .debug_abbrev  0x000000000000224a      0x2fd ./Drivers/STM32L5xx_HAL_Driver/Src/stm32l5xx_hal_rcc.o
 .debug_abbrev  0x0000000000002547      0x2c8 ./Drivers/STM32L5xx_HAL_Driver/Src/stm32l5xx_hal_rcc_ex.o
 .debug_abbrev  0x000000000000280f      0x212 ./Drivers/STM32L5xx_HAL_Driver/Src/stm32l5xx_hal_rtc.o
 .debug_abbrev  0x0000000000002a21      0x232 ./Drivers/STM32L5xx_HAL_Driver/Src/stm32l5xx_hal_rtc_ex.o
 .debug_abbrev  0x0000000000002c53      0x277 ./Drivers/STM32L5xx_HAL_Driver/Src/stm32l5xx_hal_tim.o
 .debug_abbrev  0x0000000000002eca      0x297 ./Drivers/STM32L5xx_HAL_Driver/Src/stm32l5xx_hal_tim_ex.o
 .debug_abbrev  0x0000000000003161      0x325 ./Drivers/STM32L5xx_HAL_Driver/Src/stm32l5xx_hal_uart.o
 .debug_abbrev  0x0000000000003486      0x2d3 ./Drivers/STM32L5xx_HAL_Driver/Src/stm32l5xx_hal_uart_ex.o
 .debug_abbrev  0x0000000000003759      0x253 ./Drivers/STM32L5xx_HAL_Driver/Src/stm32l5xx_ll_gpio.o
 .debug_abbrev  0x00000000000039ac      0x247 ./Drivers/STM32L5xx_HAL_Driver/Src/stm32l5xx_ll_usb.o

.debug_aranges  0x0000000000000000     0x1b58
 .debug_aranges
                0x0000000000000000       0x90 ./Core/Src/main.o
 .debug_aranges
                0x0000000000000090       0x70 ./Core/Src/stm32l5xx_hal_msp.o
 .debug_aranges
                0x0000000000000100       0x68 ./Core/Src/stm32l5xx_it.o
 .debug_aranges
                0x0000000000000168       0x28 ./Core/Src/system_stm32l5xx.o
 .debug_aranges
                0x0000000000000190       0x28 ./Core/Startup/startup_stm32l552zetxq.o
 .debug_aranges
                0x00000000000001b8      0x130 ./Drivers/STM32L5xx_HAL_Driver/Src/stm32l5xx_hal.o
 .debug_aranges
                0x00000000000002e8      0x228 ./Drivers/STM32L5xx_HAL_Driver/Src/stm32l5xx_hal_adc.o
 .debug_aranges
                0x0000000000000510      0x1b0 ./Drivers/STM32L5xx_HAL_Driver/Src/stm32l5xx_hal_adc_ex.o
 .debug_aranges
                0x00000000000006c0      0x140 ./Drivers/STM32L5xx_HAL_Driver/Src/stm32l5xx_hal_cortex.o
 .debug_aranges
                0x0000000000000800       0x60 ./Drivers/STM32L5xx_HAL_Driver/Src/stm32l5xx_hal_gpio.o
 .debug_aranges
                0x0000000000000860       0xa8 ./Drivers/STM32L5xx_HAL_Driver/Src/stm32l5xx_hal_icache.o
 .debug_aranges
                0x0000000000000908      0x138 ./Drivers/STM32L5xx_HAL_Driver/Src/stm32l5xx_hal_pcd.o
 .debug_aranges
                0x0000000000000a40       0x58 ./Drivers/STM32L5xx_HAL_Driver/Src/stm32l5xx_hal_pcd_ex.o
 .debug_aranges
                0x0000000000000a98       0xa8 ./Drivers/STM32L5xx_HAL_Driver/Src/stm32l5xx_hal_pwr.o
 .debug_aranges
                0x0000000000000b40      0x1b8 ./Drivers/STM32L5xx_HAL_Driver/Src/stm32l5xx_hal_pwr_ex.o
 .debug_aranges
                0x0000000000000cf8       0xa8 ./Drivers/STM32L5xx_HAL_Driver/Src/stm32l5xx_hal_rcc.o
 .debug_aranges
                0x0000000000000da0      0x118 ./Drivers/STM32L5xx_HAL_Driver/Src/stm32l5xx_hal_rcc_ex.o
 .debug_aranges
                0x0000000000000eb8       0xe8 ./Drivers/STM32L5xx_HAL_Driver/Src/stm32l5xx_hal_rtc.o
 .debug_aranges
                0x0000000000000fa0      0x220 ./Drivers/STM32L5xx_HAL_Driver/Src/stm32l5xx_hal_rtc_ex.o
 .debug_aranges
                0x00000000000011c0      0x3e0 ./Drivers/STM32L5xx_HAL_Driver/Src/stm32l5xx_hal_tim.o
 .debug_aranges
                0x00000000000015a0      0x190 ./Drivers/STM32L5xx_HAL_Driver/Src/stm32l5xx_hal_tim_ex.o
 .debug_aranges
                0x0000000000001730      0x248 ./Drivers/STM32L5xx_HAL_Driver/Src/stm32l5xx_hal_uart.o
 .debug_aranges
                0x0000000000001978       0xa8 ./Drivers/STM32L5xx_HAL_Driver/Src/stm32l5xx_hal_uart_ex.o
 .debug_aranges
                0x0000000000001a20       0x70 ./Drivers/STM32L5xx_HAL_Driver/Src/stm32l5xx_ll_gpio.o
 .debug_aranges
                0x0000000000001a90       0xc8 ./Drivers/STM32L5xx_HAL_Driver/Src/stm32l5xx_ll_usb.o

.debug_rnglists
                0x0000000000000000     0x1534
 .debug_rnglists
                0x0000000000000000       0x6e ./Core/Src/main.o
 .debug_rnglists
                0x000000000000006e       0x52 ./Core/Src/stm32l5xx_hal_msp.o
 .debug_rnglists
                0x00000000000000c0       0x49 ./Core/Src/stm32l5xx_it.o
 .debug_rnglists
                0x0000000000000109       0x1a ./Core/Src/system_stm32l5xx.o
 .debug_rnglists
                0x0000000000000123       0x19 ./Core/Startup/startup_stm32l552zetxq.o
 .debug_rnglists
                0x000000000000013c       0xdf ./Drivers/STM32L5xx_HAL_Driver/Src/stm32l5xx_hal.o
 .debug_rnglists
                0x000000000000021b      0x1a8 ./Drivers/STM32L5xx_HAL_Driver/Src/stm32l5xx_hal_adc.o
 .debug_rnglists
                0x00000000000003c3      0x14e ./Drivers/STM32L5xx_HAL_Driver/Src/stm32l5xx_hal_adc_ex.o
 .debug_rnglists
                0x0000000000000511       0xeb ./Drivers/STM32L5xx_HAL_Driver/Src/stm32l5xx_hal_cortex.o
 .debug_rnglists
                0x00000000000005fc       0x45 ./Drivers/STM32L5xx_HAL_Driver/Src/stm32l5xx_hal_gpio.o
 .debug_rnglists
                0x0000000000000641       0x7a ./Drivers/STM32L5xx_HAL_Driver/Src/stm32l5xx_hal_icache.o
 .debug_rnglists
                0x00000000000006bb       0xee ./Drivers/STM32L5xx_HAL_Driver/Src/stm32l5xx_hal_pcd.o
 .debug_rnglists
                0x00000000000007a9       0x3f ./Drivers/STM32L5xx_HAL_Driver/Src/stm32l5xx_hal_pcd_ex.o
 .debug_rnglists
                0x00000000000007e8       0x7a ./Drivers/STM32L5xx_HAL_Driver/Src/stm32l5xx_hal_pwr.o
 .debug_rnglists
                0x0000000000000862      0x14e ./Drivers/STM32L5xx_HAL_Driver/Src/stm32l5xx_hal_pwr_ex.o
 .debug_rnglists
                0x00000000000009b0       0x80 ./Drivers/STM32L5xx_HAL_Driver/Src/stm32l5xx_hal_rcc.o
 .debug_rnglists
                0x0000000000000a30       0xdd ./Drivers/STM32L5xx_HAL_Driver/Src/stm32l5xx_hal_rcc_ex.o
 .debug_rnglists
                0x0000000000000b0d       0xb3 ./Drivers/STM32L5xx_HAL_Driver/Src/stm32l5xx_hal_rtc.o
 .debug_rnglists
                0x0000000000000bc0      0x1a2 ./Drivers/STM32L5xx_HAL_Driver/Src/stm32l5xx_hal_rtc_ex.o
 .debug_rnglists
                0x0000000000000d62      0x328 ./Drivers/STM32L5xx_HAL_Driver/Src/stm32l5xx_hal_tim.o
 .debug_rnglists
                0x000000000000108a      0x147 ./Drivers/STM32L5xx_HAL_Driver/Src/stm32l5xx_hal_tim_ex.o
 .debug_rnglists
                0x00000000000011d1      0x1fa ./Drivers/STM32L5xx_HAL_Driver/Src/stm32l5xx_hal_uart.o
 .debug_rnglists
                0x00000000000013cb       0x7f ./Drivers/STM32L5xx_HAL_Driver/Src/stm32l5xx_hal_uart_ex.o
 .debug_rnglists
                0x000000000000144a       0x51 ./Drivers/STM32L5xx_HAL_Driver/Src/stm32l5xx_ll_gpio.o
 .debug_rnglists
                0x000000000000149b       0x99 ./Drivers/STM32L5xx_HAL_Driver/Src/stm32l5xx_ll_usb.o

.debug_macro    0x0000000000000000    0x2e9b2
 .debug_macro   0x0000000000000000      0x2da ./Core/Src/main.o
 .debug_macro   0x00000000000002da      0xab4 ./Core/Src/main.o
 .debug_macro   0x0000000000000d8e      0x1a8 ./Core/Src/main.o
 .debug_macro   0x0000000000000f36       0x2e ./Core/Src/main.o
 .debug_macro   0x0000000000000f64       0x42 ./Core/Src/main.o
 .debug_macro   0x0000000000000fa6       0x22 ./Core/Src/main.o
 .debug_macro   0x0000000000000fc8       0x8e ./Core/Src/main.o
 .debug_macro   0x0000000000001056       0x51 ./Core/Src/main.o
 .debug_macro   0x00000000000010a7      0x103 ./Core/Src/main.o
 .debug_macro   0x00000000000011aa       0x6a ./Core/Src/main.o
 .debug_macro   0x0000000000001214      0x1df ./Core/Src/main.o
 .debug_macro   0x00000000000013f3       0x1c ./Core/Src/main.o
 .debug_macro   0x000000000000140f       0x29 ./Core/Src/main.o
 .debug_macro   0x0000000000001438       0xfb ./Core/Src/main.o
 .debug_macro   0x0000000000001533     0x1336 ./Core/Src/main.o
 .debug_macro   0x0000000000002869       0x5e ./Core/Src/main.o
 .debug_macro   0x00000000000028c7    0x1aca2 ./Core/Src/main.o
 .debug_macro   0x000000000001d569       0x6c ./Core/Src/main.o
 .debug_macro   0x000000000001d5d5     0x353c ./Core/Src/main.o
 .debug_macro   0x0000000000020b11      0x174 ./Core/Src/main.o
 .debug_macro   0x0000000000020c85       0x5d ./Core/Src/main.o
 .debug_macro   0x0000000000020ce2     0x1987 ./Core/Src/main.o
 .debug_macro   0x0000000000022669      0xa52 ./Core/Src/main.o
 .debug_macro   0x00000000000230bb      0x1cf ./Core/Src/main.o
 .debug_macro   0x000000000002328a      0x1d8 ./Core/Src/main.o
 .debug_macro   0x0000000000023462      0x4e1 ./Core/Src/main.o
 .debug_macro   0x0000000000023943      0x1ab ./Core/Src/main.o
 .debug_macro   0x0000000000023aee       0x4a ./Core/Src/main.o
 .debug_macro   0x0000000000023b38      0x1b9 ./Core/Src/main.o
 .debug_macro   0x0000000000023cf1      0xecd ./Core/Src/main.o
 .debug_macro   0x0000000000024bbe      0x608 ./Core/Src/main.o
 .debug_macro   0x00000000000251c6      0x2e9 ./Core/Src/main.o
 .debug_macro   0x00000000000254af      0x230 ./Core/Src/main.o
 .debug_macro   0x00000000000256df      0x3bb ./Core/Src/main.o
 .debug_macro   0x0000000000025a9a       0x36 ./Core/Src/main.o
 .debug_macro   0x0000000000025ad0      0x11c ./Core/Src/main.o
 .debug_macro   0x0000000000025bec      0x22c ./Core/Src/main.o
 .debug_macro   0x0000000000025e18       0x5b ./Core/Src/main.o
 .debug_macro   0x0000000000025e73       0xa5 ./Core/Src/main.o
 .debug_macro   0x0000000000025f18       0xc9 ./Core/Src/main.o
 .debug_macro   0x0000000000025fe1       0x73 ./Core/Src/main.o
 .debug_macro   0x0000000000026054      0x22d ./Core/Src/main.o
 .debug_macro   0x0000000000026281      0x199 ./Core/Src/main.o
 .debug_macro   0x000000000002641a      0x487 ./Core/Src/main.o
 .debug_macro   0x00000000000268a1      0x31a ./Core/Src/main.o
 .debug_macro   0x0000000000026bbb      0x748 ./Core/Src/main.o
 .debug_macro   0x0000000000027303       0xeb ./Core/Src/main.o
 .debug_macro   0x00000000000273ee      0xabb ./Core/Src/main.o
 .debug_macro   0x0000000000027ea9      0x184 ./Core/Src/main.o
 .debug_macro   0x000000000002802d      0x693 ./Core/Src/main.o
 .debug_macro   0x00000000000286c0       0xa6 ./Core/Src/main.o
 .debug_macro   0x0000000000028766      0x3f1 ./Core/Src/main.o
 .debug_macro   0x0000000000028b57      0x2b6 ./Core/Src/main.o
 .debug_macro   0x0000000000028e0d      0x1e2 ./Core/Src/main.o
 .debug_macro   0x0000000000028fef      0x15a ./Core/Src/main.o
 .debug_macro   0x0000000000029149      0xbd0 ./Core/Src/main.o
 .debug_macro   0x0000000000029d19      0x398 ./Core/Src/main.o
 .debug_macro   0x000000000002a0b1       0xae ./Core/Src/main.o
 .debug_macro   0x000000000002a15f      0x21d ./Core/Src/main.o
 .debug_macro   0x000000000002a37c      0x165 ./Core/Src/main.o
 .debug_macro   0x000000000002a4e1      0x5bf ./Core/Src/main.o
 .debug_macro   0x000000000002aaa0      0x314 ./Core/Src/main.o
 .debug_macro   0x000000000002adb4      0x215 ./Core/Src/main.o
 .debug_macro   0x000000000002afc9       0x64 ./Core/Src/main.o
 .debug_macro   0x000000000002b02d      0x2c8 ./Core/Src/stm32l5xx_hal_msp.o
 .debug_macro   0x000000000002b2f5      0x2d2 ./Core/Src/stm32l5xx_it.o
 .debug_macro   0x000000000002b5c7      0x250 ./Core/Src/system_stm32l5xx.o
 .debug_macro   0x000000000002b817      0x280 ./Drivers/STM32L5xx_HAL_Driver/Src/stm32l5xx_hal.o
 .debug_macro   0x000000000002ba97      0x26d ./Drivers/STM32L5xx_HAL_Driver/Src/stm32l5xx_hal_adc.o
 .debug_macro   0x000000000002bd04      0x25c ./Drivers/STM32L5xx_HAL_Driver/Src/stm32l5xx_hal_adc_ex.o
 .debug_macro   0x000000000002bf60      0x250 ./Drivers/STM32L5xx_HAL_Driver/Src/stm32l5xx_hal_cortex.o
 .debug_macro   0x000000000002c1b0      0x256 ./Drivers/STM32L5xx_HAL_Driver/Src/stm32l5xx_hal_gpio.o
 .debug_macro   0x000000000002c406      0x282 ./Drivers/STM32L5xx_HAL_Driver/Src/stm32l5xx_hal_icache.o
 .debug_macro   0x000000000002c688      0x25c ./Drivers/STM32L5xx_HAL_Driver/Src/stm32l5xx_hal_pcd.o
 .debug_macro   0x000000000002c8e4      0x250 ./Drivers/STM32L5xx_HAL_Driver/Src/stm32l5xx_hal_pcd_ex.o
 .debug_macro   0x000000000002cb34      0x268 ./Drivers/STM32L5xx_HAL_Driver/Src/stm32l5xx_hal_pwr.o
 .debug_macro   0x000000000002cd9c      0x280 ./Drivers/STM32L5xx_HAL_Driver/Src/stm32l5xx_hal_pwr_ex.o
 .debug_macro   0x000000000002d01c      0x27a ./Drivers/STM32L5xx_HAL_Driver/Src/stm32l5xx_hal_rcc.o
 .debug_macro   0x000000000002d296      0x2b6 ./Drivers/STM32L5xx_HAL_Driver/Src/stm32l5xx_hal_rcc_ex.o
 .debug_macro   0x000000000002d54c      0x251 ./Drivers/STM32L5xx_HAL_Driver/Src/stm32l5xx_hal_rtc.o
 .debug_macro   0x000000000002d79d      0x256 ./Drivers/STM32L5xx_HAL_Driver/Src/stm32l5xx_hal_rtc_ex.o
 .debug_macro   0x000000000002d9f3      0x251 ./Drivers/STM32L5xx_HAL_Driver/Src/stm32l5xx_hal_tim.o
 .debug_macro   0x000000000002dc44      0x256 ./Drivers/STM32L5xx_HAL_Driver/Src/stm32l5xx_hal_tim_ex.o
 .debug_macro   0x000000000002de9a      0x27b ./Drivers/STM32L5xx_HAL_Driver/Src/stm32l5xx_hal_uart.o
 .debug_macro   0x000000000002e115      0x25c ./Drivers/STM32L5xx_HAL_Driver/Src/stm32l5xx_hal_uart_ex.o
 .debug_macro   0x000000000002e371      0x292 ./Drivers/STM32L5xx_HAL_Driver/Src/stm32l5xx_ll_gpio.o
 .debug_macro   0x000000000002e603      0x15f ./Drivers/STM32L5xx_HAL_Driver/Src/stm32l5xx_ll_gpio.o
 .debug_macro   0x000000000002e762      0x250 ./Drivers/STM32L5xx_HAL_Driver/Src/stm32l5xx_ll_usb.o

.debug_line     0x0000000000000000    0x1ea29
 .debug_line    0x0000000000000000      0xdcf ./Core/Src/main.o
 .debug_line    0x0000000000000dcf      0xab1 ./Core/Src/stm32l5xx_hal_msp.o
 .debug_line    0x0000000000001880      0x9e4 ./Core/Src/stm32l5xx_it.o
 .debug_line    0x0000000000002264      0x8a1 ./Core/Src/system_stm32l5xx.o
 .debug_line    0x0000000000002b05       0x79 ./Core/Startup/startup_stm32l552zetxq.o
 .debug_line    0x0000000000002b7e      0xc14 ./Drivers/STM32L5xx_HAL_Driver/Src/stm32l5xx_hal.o
 .debug_line    0x0000000000003792     0x1ff6 ./Drivers/STM32L5xx_HAL_Driver/Src/stm32l5xx_hal_adc.o
 .debug_line    0x0000000000005788     0x1a4d ./Drivers/STM32L5xx_HAL_Driver/Src/stm32l5xx_hal_adc_ex.o
 .debug_line    0x00000000000071d5      0xe67 ./Drivers/STM32L5xx_HAL_Driver/Src/stm32l5xx_hal_cortex.o
 .debug_line    0x000000000000803c      0xc59 ./Drivers/STM32L5xx_HAL_Driver/Src/stm32l5xx_hal_gpio.o
 .debug_line    0x0000000000008c95      0xaec ./Drivers/STM32L5xx_HAL_Driver/Src/stm32l5xx_hal_icache.o
 .debug_line    0x0000000000009781     0x143b ./Drivers/STM32L5xx_HAL_Driver/Src/stm32l5xx_hal_pcd.o
 .debug_line    0x000000000000abbc      0x972 ./Drivers/STM32L5xx_HAL_Driver/Src/stm32l5xx_hal_pcd_ex.o
 .debug_line    0x000000000000b52e      0xa3d ./Drivers/STM32L5xx_HAL_Driver/Src/stm32l5xx_hal_pwr.o
 .debug_line    0x000000000000bf6b      0xfc8 ./Drivers/STM32L5xx_HAL_Driver/Src/stm32l5xx_hal_pwr_ex.o
 .debug_line    0x000000000000cf33     0x1353 ./Drivers/STM32L5xx_HAL_Driver/Src/stm32l5xx_hal_rcc.o
 .debug_line    0x000000000000e286     0x1ca8 ./Drivers/STM32L5xx_HAL_Driver/Src/stm32l5xx_hal_rcc_ex.o
 .debug_line    0x000000000000ff2e      0xfea ./Drivers/STM32L5xx_HAL_Driver/Src/stm32l5xx_hal_rtc.o
 .debug_line    0x0000000000010f18     0x176c ./Drivers/STM32L5xx_HAL_Driver/Src/stm32l5xx_hal_rtc_ex.o
 .debug_line    0x0000000000012684     0x3ee7 ./Drivers/STM32L5xx_HAL_Driver/Src/stm32l5xx_hal_tim.o
 .debug_line    0x000000000001656b     0x1dea ./Drivers/STM32L5xx_HAL_Driver/Src/stm32l5xx_hal_tim_ex.o
 .debug_line    0x0000000000018355     0x3c80 ./Drivers/STM32L5xx_HAL_Driver/Src/stm32l5xx_hal_uart.o
 .debug_line    0x000000000001bfd5      0xe55 ./Drivers/STM32L5xx_HAL_Driver/Src/stm32l5xx_hal_uart_ex.o
 .debug_line    0x000000000001ce2a      0xb2e ./Drivers/STM32L5xx_HAL_Driver/Src/stm32l5xx_ll_gpio.o
 .debug_line    0x000000000001d958     0x10d1 ./Drivers/STM32L5xx_HAL_Driver/Src/stm32l5xx_ll_usb.o

.debug_str      0x0000000000000000   0x13275d
 .debug_str     0x0000000000000000   0x12ab67 ./Core/Src/main.o
                                     0x12cae8 (size before relaxing)
 .debug_str     0x000000000012ab67      0x3f4 ./Core/Src/stm32l5xx_hal_msp.o
                                     0x12c78a (size before relaxing)
 .debug_str     0x000000000012af5b       0xec ./Core/Src/stm32l5xx_it.o
                                     0x12b28b (size before relaxing)
 .debug_str     0x000000000012b047      0x17d ./Core/Src/system_stm32l5xx.o
                                     0x119806 (size before relaxing)
 .debug_str     0x000000000012b1c4       0x35 ./Core/Startup/startup_stm32l552zetxq.o
                                         0x79 (size before relaxing)
 .debug_str     0x000000000012b1f9      0x5af ./Drivers/STM32L5xx_HAL_Driver/Src/stm32l5xx_hal.o
                                     0x11a37d (size before relaxing)
 .debug_str     0x000000000012b7a8      0xa93 ./Drivers/STM32L5xx_HAL_Driver/Src/stm32l5xx_hal_adc.o
                                     0x11a6a1 (size before relaxing)
 .debug_str     0x000000000012c23b      0x665 ./Drivers/STM32L5xx_HAL_Driver/Src/stm32l5xx_hal_adc_ex.o
                                     0x11a65c (size before relaxing)
 .debug_str     0x000000000012c8a0      0x3c5 ./Drivers/STM32L5xx_HAL_Driver/Src/stm32l5xx_hal_cortex.o
                                     0x11a1bc (size before relaxing)
 .debug_str     0x000000000012cc65      0x164 ./Drivers/STM32L5xx_HAL_Driver/Src/stm32l5xx_hal_gpio.o
                                     0x11978f (size before relaxing)
 .debug_str     0x000000000012cdc9      0x673 ./Drivers/STM32L5xx_HAL_Driver/Src/stm32l5xx_hal_icache.o
                                     0x119be2 (size before relaxing)
 .debug_str     0x000000000012d43c      0x55e ./Drivers/STM32L5xx_HAL_Driver/Src/stm32l5xx_hal_pcd.o
                                     0x119e66 (size before relaxing)
 .debug_str     0x000000000012d99a      0x186 ./Drivers/STM32L5xx_HAL_Driver/Src/stm32l5xx_hal_pcd_ex.o
                                     0x119aa2 (size before relaxing)
 .debug_str     0x000000000012db20      0x396 ./Drivers/STM32L5xx_HAL_Driver/Src/stm32l5xx_hal_pwr.o
                                     0x119c14 (size before relaxing)
 .debug_str     0x000000000012deb6      0x618 ./Drivers/STM32L5xx_HAL_Driver/Src/stm32l5xx_hal_pwr_ex.o
                                     0x119f6b (size before relaxing)
 .debug_str     0x000000000012e4ce      0x3e3 ./Drivers/STM32L5xx_HAL_Driver/Src/stm32l5xx_hal_rcc.o
                                     0x119e20 (size before relaxing)
 .debug_str     0x000000000012e8b1      0x799 ./Drivers/STM32L5xx_HAL_Driver/Src/stm32l5xx_hal_rcc_ex.o
                                     0x11a376 (size before relaxing)
 .debug_str     0x000000000012f04a      0x445 ./Drivers/STM32L5xx_HAL_Driver/Src/stm32l5xx_hal_rtc.o
                                     0x119c3e (size before relaxing)
 .debug_str     0x000000000012f48f      0xae6 ./Drivers/STM32L5xx_HAL_Driver/Src/stm32l5xx_hal_rtc_ex.o
                                     0x11a592 (size before relaxing)
 .debug_str     0x000000000012ff75      0xe50 ./Drivers/STM32L5xx_HAL_Driver/Src/stm32l5xx_hal_tim.o
                                     0x11ab64 (size before relaxing)
 .debug_str     0x0000000000130dc5      0x643 ./Drivers/STM32L5xx_HAL_Driver/Src/stm32l5xx_hal_tim_ex.o
                                     0x11a4fd (size before relaxing)
 .debug_str     0x0000000000131408      0x9c6 ./Drivers/STM32L5xx_HAL_Driver/Src/stm32l5xx_hal_uart.o
                                     0x11a746 (size before relaxing)
 .debug_str     0x0000000000131dce      0x264 ./Drivers/STM32L5xx_HAL_Driver/Src/stm32l5xx_hal_uart_ex.o
                                     0x119ed4 (size before relaxing)
 .debug_str     0x0000000000132032      0x658 ./Drivers/STM32L5xx_HAL_Driver/Src/stm32l5xx_ll_gpio.o
                                     0x11b26e (size before relaxing)
 .debug_str     0x000000000013268a       0xd3 ./Drivers/STM32L5xx_HAL_Driver/Src/stm32l5xx_ll_usb.o
                                     0x1199a3 (size before relaxing)

.debug_frame    0x0000000000000000     0x76c4
 .debug_frame   0x0000000000000000      0x200 ./Core/Src/main.o
 .debug_frame   0x0000000000000200      0x1b0 ./Core/Src/stm32l5xx_hal_msp.o
 .debug_frame   0x00000000000003b0      0x120 ./Core/Src/stm32l5xx_it.o
 .debug_frame   0x00000000000004d0       0x58 ./Core/Src/system_stm32l5xx.o
 .debug_frame   0x0000000000000528      0x4a4 ./Drivers/STM32L5xx_HAL_Driver/Src/stm32l5xx_hal.o
 .debug_frame   0x00000000000009cc      0xa2c ./Drivers/STM32L5xx_HAL_Driver/Src/stm32l5xx_hal_adc.o
 .debug_frame   0x00000000000013f8      0x7cc ./Drivers/STM32L5xx_HAL_Driver/Src/stm32l5xx_hal_adc_ex.o
 .debug_frame   0x0000000000001bc4      0x558 ./Drivers/STM32L5xx_HAL_Driver/Src/stm32l5xx_hal_cortex.o
 .debug_frame   0x000000000000211c      0x174 ./Drivers/STM32L5xx_HAL_Driver/Src/stm32l5xx_hal_gpio.o
 .debug_frame   0x0000000000002290      0x298 ./Drivers/STM32L5xx_HAL_Driver/Src/stm32l5xx_hal_icache.o
 .debug_frame   0x0000000000002528      0x56c ./Drivers/STM32L5xx_HAL_Driver/Src/stm32l5xx_hal_pcd.o
 .debug_frame   0x0000000000002a94      0x14c ./Drivers/STM32L5xx_HAL_Driver/Src/stm32l5xx_hal_pcd_ex.o
 .debug_frame   0x0000000000002be0      0x280 ./Drivers/STM32L5xx_HAL_Driver/Src/stm32l5xx_hal_pwr.o
 .debug_frame   0x0000000000002e60      0x6fc ./Drivers/STM32L5xx_HAL_Driver/Src/stm32l5xx_hal_pwr_ex.o
 .debug_frame   0x000000000000355c      0x298 ./Drivers/STM32L5xx_HAL_Driver/Src/stm32l5xx_hal_rcc.o
 .debug_frame   0x00000000000037f4      0x48c ./Drivers/STM32L5xx_HAL_Driver/Src/stm32l5xx_hal_rcc_ex.o
 .debug_frame   0x0000000000003c80      0x3f8 ./Drivers/STM32L5xx_HAL_Driver/Src/stm32l5xx_hal_rtc.o
 .debug_frame   0x0000000000004078      0x9f0 ./Drivers/STM32L5xx_HAL_Driver/Src/stm32l5xx_hal_rtc_ex.o
 .debug_frame   0x0000000000004a68     0x121c ./Drivers/STM32L5xx_HAL_Driver/Src/stm32l5xx_hal_tim.o
 .debug_frame   0x0000000000005c84      0x6fc ./Drivers/STM32L5xx_HAL_Driver/Src/stm32l5xx_hal_tim_ex.o
 .debug_frame   0x0000000000006380      0xa94 ./Drivers/STM32L5xx_HAL_Driver/Src/stm32l5xx_hal_uart.o
 .debug_frame   0x0000000000006e14      0x2c0 ./Drivers/STM32L5xx_HAL_Driver/Src/stm32l5xx_hal_uart_ex.o
 .debug_frame   0x00000000000070d4      0x1c0 ./Drivers/STM32L5xx_HAL_Driver/Src/stm32l5xx_ll_gpio.o
 .debug_frame   0x0000000000007294      0x380 ./Drivers/STM32L5xx_HAL_Driver/Src/stm32l5xx_ll_usb.o
 .debug_frame   0x0000000000007614       0x20 /Applications/STM32CubeIDE.app/Contents/Eclipse/plugins/com.st.stm32cube.ide.mcu.externaltools.gnu-tools-for-stm32.11.3.rel1.macos64_1.1.100.202310310803/tools/bin/../lib/gcc/arm-none-eabi/11.3.1/../../../../arm-none-eabi/lib/thumb/v8-m.main+fp/hard/libc_nano.a(libc_a-memset.o)
 .debug_frame   0x0000000000007634       0x2c /Applications/STM32CubeIDE.app/Contents/Eclipse/plugins/com.st.stm32cube.ide.mcu.externaltools.gnu-tools-for-stm32.11.3.rel1.macos64_1.1.100.202310310803/tools/bin/../lib/gcc/arm-none-eabi/11.3.1/../../../../arm-none-eabi/lib/thumb/v8-m.main+fp/hard/libc_nano.a(libc_a-init.o)
 .debug_frame   0x0000000000007660       0x2c /Applications/STM32CubeIDE.app/Contents/Eclipse/plugins/com.st.stm32cube.ide.mcu.externaltools.gnu-tools-for-stm32.11.3.rel1.macos64_1.1.100.202310310803/tools/bin/../lib/gcc/arm-none-eabi/11.3.1/thumb/v8-m.main+fp/hard/libgcc.a(_aeabi_uldivmod.o)
 .debug_frame   0x000000000000768c       0x38 /Applications/STM32CubeIDE.app/Contents/Eclipse/plugins/com.st.stm32cube.ide.mcu.externaltools.gnu-tools-for-stm32.11.3.rel1.macos64_1.1.100.202310310803/tools/bin/../lib/gcc/arm-none-eabi/11.3.1/thumb/v8-m.main+fp/hard/libgcc.a(_udivmoddi4.o)

.debug_line_str
                0x0000000000000000       0x6d
 .debug_line_str
                0x0000000000000000       0x6d ./Core/Startup/startup_stm32l552zetxq.o
                                         0x86 (size before relaxing)
